Archive member included because of file (symbol)

/usr/local/bin/../lib/gcc/msp430/4.7.2/mmpy-16/libgcc.a(_mulsi3.o)
                              build/sky/obj/cfs-coffee.o (__mulsi3)
/usr/local/bin/../lib/gcc/msp430/4.7.2/mmpy-16/libgcc.a(_mulsidi3.o)
                              build/sky/obj/tsch-adaptive-timesync.o (__mulsidi3)
/usr/local/bin/../lib/gcc/msp430/4.7.2/mmpy-16/libgcc.a(_muldi3.o)
                              build/sky/obj/tsch-adaptive-timesync.o (__muldi3)
/usr/local/bin/../lib/gcc/msp430/4.7.2/mmpy-16/libgcc.a(_udivmod16.o)
                              build/sky/obj/cfs-coffee.o (__udivhi3)
/usr/local/bin/../lib/gcc/msp430/4.7.2/mmpy-16/libgcc.a(_divmod16.o)
                              build/sky/obj/link-stats.o (__divhi3)
/usr/local/bin/../lib/gcc/msp430/4.7.2/mmpy-16/libgcc.a(_udivmod32.o)
                              build/sky/obj/ifft.o (__udivsi3)
/usr/local/bin/../lib/gcc/msp430/4.7.2/mmpy-16/libgcc.a(_divmod32.o)
                              build/sky/obj/cfs-coffee.o (__divsi3)
/usr/local/bin/../lib/gcc/msp430/4.7.2/mmpy-16/libgcc.a(_divmod64.o)
                              build/sky/obj/tsch-adaptive-timesync.o (__divdi3)
/usr/local/bin/../lib/gcc/msp430/4.7.2/mmpy-16/libgcc.a(_udivmod64.o)
                              /usr/local/bin/../lib/gcc/msp430/4.7.2/mmpy-16/libgcc.a(_divmod64.o) (__xabi_udivmod64)
/usr/local/bin/../lib/gcc/msp430/4.7.2/../../../../msp430/lib/mmpy-16/libc.a(strtol.o)
                              build/sky/obj/shell-commands.o (strtol)
/usr/local/bin/../lib/gcc/msp430/4.7.2/../../../../msp430/lib/mmpy-16/libc.a(printf.o)
                              build/sky/obj/assert.o (printf)
/usr/local/bin/../lib/gcc/msp430/4.7.2/../../../../msp430/lib/mmpy-16/libc.a(sprintf.o)
                              build/sky/obj/client.o (snprintf)
/usr/local/bin/../lib/gcc/msp430/4.7.2/../../../../msp430/lib/mmpy-16/libc.a(vuprintf.o)
                              /usr/local/bin/../lib/gcc/msp430/4.7.2/../../../../msp430/lib/mmpy-16/libc.a(printf.o) (vuprintf)
/usr/local/bin/../lib/gcc/msp430/4.7.2/../../../../msp430/lib/mmpy-16/libc.a(puts.o)
                              build/sky/obj/assert.o (puts)
/usr/local/bin/../lib/gcc/msp430/4.7.2/../../../../msp430/lib/mmpy-16/libc.a(rand.o)
                              build/sky/obj/random.o (rand)
/usr/local/bin/../lib/gcc/msp430/4.7.2/../../../../msp430/lib/mmpy-16/libc.a(strchr.o)
                              build/sky/obj/shell-commands.o (strchr)
/usr/local/bin/../lib/gcc/msp430/4.7.2/../../../../msp430/lib/mmpy-16/libc.a(strcmp.o)
                              build/sky/obj/cfs-coffee.o (strcmp)
/usr/local/bin/../lib/gcc/msp430/4.7.2/../../../../msp430/lib/mmpy-16/libc.a(strncmp.o)
                              build/sky/obj/sensors.o (strncmp)
/usr/local/bin/../lib/gcc/msp430/4.7.2/../../../../msp430/lib/mmpy-16/libc.a(memcmp.o)
                              build/sky/obj/esmrf.o (memcmp)
/usr/local/bin/../lib/gcc/msp430/4.7.2/../../../../msp430/lib/mmpy-16/libc.a(strcpy.o)
                              build/sky/obj/shell-commands.o (strcpy)
/usr/local/bin/../lib/gcc/msp430/4.7.2/../../../../msp430/lib/mmpy-16/libc.a(strncpy.o)
                              build/sky/obj/cfs-coffee.o (strncpy)
/usr/local/bin/../lib/gcc/msp430/4.7.2/../../../../msp430/lib/mmpy-16/libc.a(memcpy.o)
                              build/sky/obj/aes-128.o (memcpy)
/usr/local/bin/../lib/gcc/msp430/4.7.2/../../../../msp430/lib/mmpy-16/libc.a(memmove.o)
                              build/sky/obj/mpl.o (memmove)
/usr/local/bin/../lib/gcc/msp430/4.7.2/../../../../msp430/lib/mmpy-16/libc.a(memset.o)
                              build/sky/obj/cfs-coffee.o (memset)
/usr/local/bin/../lib/gcc/msp430/4.7.2/../../../../msp430/lib/mmpy-16/libc.a(strcat.o)
                              build/sky/obj/tsch-schedule.o (strcat)
/usr/local/bin/../lib/gcc/msp430/4.7.2/../../../../msp430/lib/mmpy-16/libc.a(ldiv.o)
                              /usr/local/bin/../lib/gcc/msp430/4.7.2/../../../../msp430/lib/mmpy-16/libc.a(strtol.o) (ldiv)
/usr/local/bin/../lib/gcc/msp430/4.7.2/../../../../msp430/lib/mmpy-16/libc.a(errno.o)
                              /usr/local/bin/../lib/gcc/msp430/4.7.2/../../../../msp430/lib/mmpy-16/libc.a(strtol.o) (errno)
/usr/local/bin/../lib/gcc/msp430/4.7.2/mmpy-16/libcrt0.a(_reset_vector__.o)
                              (_reset_vector__)
/usr/local/bin/../lib/gcc/msp430/4.7.2/mmpy-16/libcrt0.a(__watchdog_support.o)
                              /usr/local/bin/../lib/gcc/msp430/4.7.2/mmpy-16/libcrt0.a(_reset_vector__.o) (__watchdog_support)
/usr/local/bin/../lib/gcc/msp430/4.7.2/mmpy-16/libcrt0.a(__init_stack.o)
                              /usr/local/bin/../lib/gcc/msp430/4.7.2/mmpy-16/libcrt0.a(_reset_vector__.o) (__init_stack)
/usr/local/bin/../lib/gcc/msp430/4.7.2/mmpy-16/libcrt0.a(__low_level_init.o)
[...]
Memory Configuration

Name             Origin             Length             Attributes
sfr              0x00000000         0x00000010
peripheral_8bit  0x00000010         0x000000f0
peripheral_16bit 0x00000100         0x00000100
ram_mirror       0x00000200         0x00000800         xw
infomem          0x00001000         0x00000100
infob            0x00001000         0x00000080
infoa            0x00001080         0x00000080
ram              0x00001100         0x00002800         xw
rom              0x00004000         0x0000bfe0         xr
vectors          0x0000ffe0         0x00000020
bsl              0x00000000         0x00000000
infoc            0x00000000         0x00000000
infod            0x00000000         0x00000000
ram2             0x00000000         0x00000000         xw
usbram           0x00000000         0x00000000         xw
far_rom          0x00000000         0x00000000
*default*        0x00000000         0xffffffff

Linker script and memory map

LOAD /usr/local/bin/../lib/gcc/msp430/4.7.2/mmpy-16/crt0ivtbl16.o
                0x00003800                _stack = _end
LOAD build/sky/obj/aes-128.o
LOAD build/sky/obj/assert.o
LOAD build/sky/obj/atomic.o
LOAD build/sky/obj/autostart.o
LOAD build/sky/obj/battery-sensor.o
LOAD build/sky/obj/button-hal.o
LOAD build/sky/obj/button-sensor.o
LOAD build/sky/obj/cc2420-arch-sfd.o
LOAD build/sky/obj/cc2420-arch.o
LOAD build/sky/obj/cc2420-tsch-15ms.o
LOAD build/sky/obj/cc2420.o
LOAD build/sky/obj/ccm-star.o
LOAD build/sky/obj/cfs-coffee.o
LOAD build/sky/obj/circular-list.o
LOAD build/sky/obj/client.o
LOAD build/sky/obj/clock.o
LOAD build/sky/obj/compower.o
LOAD build/sky/obj/contiki-main.o
LOAD build/sky/obj/contiki-sky-platform.o
LOAD build/sky/obj/crc16.o
LOAD build/sky/obj/ctimer.o
LOAD build/sky/obj/dbl-circ-list.o
LOAD build/sky/obj/dbl-list.o
LOAD build/sky/obj/ds2411.o
LOAD build/sky/obj/energest.o
LOAD build/sky/obj/esmrf.o
LOAD build/sky/obj/etimer.o
LOAD build/sky/obj/flash.o
LOAD build/sky/obj/frame802154.o
LOAD build/sky/obj/frame802154e-ie.o
LOAD build/sky/obj/framer-802154.o
LOAD build/sky/obj/gpio-hal.o
LOAD build/sky/obj/heapmem.o
LOAD build/sky/obj/hexconv.o
LOAD build/sky/obj/i2c.o
LOAD build/sky/obj/ifft.o
LOAD build/sky/obj/int-master.o
LOAD build/sky/obj/ip64-addr.o
LOAD build/sky/obj/leds-arch.o
LOAD build/sky/obj/leds.o
LOAD build/sky/obj/light-sensor.o
LOAD build/sky/obj/link-stats.o
LOAD build/sky/obj/linkaddr.o
LOAD build/sky/obj/list.o
LOAD build/sky/obj/log.o
LOAD build/sky/obj/lpm.o
LOAD build/sky/obj/mac-sequence.o
LOAD build/sky/obj/mac.o
LOAD build/sky/obj/memb.o
LOAD build/sky/obj/mpl.o
LOAD build/sky/obj/msp430.o
LOAD build/sky/obj/mutex.o
LOAD build/sky/obj/nbr-table.o
LOAD build/sky/obj/net-debug.o
LOAD build/sky/obj/netstack.o
LOAD build/sky/obj/node-id.o
LOAD build/sky/obj/nullframer.o
LOAD build/sky/obj/nullradio.o
LOAD build/sky/obj/packetbuf.o
LOAD build/sky/obj/platform.o
LOAD build/sky/obj/process.o
LOAD build/sky/obj/psock.o
LOAD build/sky/obj/queuebuf.o
LOAD build/sky/obj/random.o
LOAD build/sky/obj/ringbuf.o
LOAD build/sky/obj/ringbufindex.o
LOAD build/sky/obj/roll-tm.o
LOAD build/sky/obj/rpl-dag-root.o
LOAD build/sky/obj/rpl-dag.o
LOAD build/sky/obj/rpl-ext-header.o
LOAD build/sky/obj/rpl-icmp6.o
LOAD build/sky/obj/rpl-mrhof.o
LOAD build/sky/obj/rpl-nbr-policy.o
LOAD build/sky/obj/rpl-neighbor.o
LOAD build/sky/obj/rpl-of0.o
LOAD build/sky/obj/rpl-timers.o
LOAD build/sky/obj/rpl.o
LOAD build/sky/obj/rtimer-arch.o
LOAD build/sky/obj/rtimer.o
LOAD build/sky/obj/sensors.o
LOAD build/sky/obj/serial-line.o
LOAD build/sky/obj/serial-shell.o
LOAD build/sky/obj/shell-commands.o
LOAD build/sky/obj/shell.o
LOAD build/sky/obj/sht11-sensor.o
LOAD build/sky/obj/sht11.o
LOAD build/sky/obj/sicslowpan.o
LOAD build/sky/obj/simple-udp.o
LOAD build/sky/obj/sky-sensors.o
LOAD build/sky/obj/slip.o
LOAD build/sky/obj/slip_uart1.o
LOAD build/sky/obj/smrf.o
LOAD build/sky/obj/spi-legacy.o
LOAD build/sky/obj/spi.o
LOAD build/sky/obj/stack-check.o
LOAD build/sky/obj/stimer.o
LOAD build/sky/obj/tcp-socket.o
LOAD build/sky/obj/tcpip.o
LOAD build/sky/obj/timer.o
LOAD build/sky/obj/trickle-timer.o
LOAD build/sky/obj/tsch-adaptive-timesync.o
LOAD build/sky/obj/tsch-log.o
LOAD build/sky/obj/tsch-packet.o
LOAD build/sky/obj/tsch-queue.o
LOAD build/sky/obj/tsch-roots.o
LOAD build/sky/obj/tsch-rpl.o
LOAD build/sky/obj/tsch-schedule.o
LOAD build/sky/obj/tsch-security.o
LOAD build/sky/obj/tsch-slot-operation.o
LOAD build/sky/obj/tsch-stats.o
LOAD build/sky/obj/tsch-timeslot-timing.o
LOAD build/sky/obj/tsch.o
LOAD build/sky/obj/uart1-putchar.o
LOAD build/sky/obj/uart1.o
LOAD build/sky/obj/udp-socket.o
LOAD build/sky/obj/uip-ds6-nbr.o
LOAD build/sky/obj/uip-ds6-route.o
LOAD build/sky/obj/uip-ds6.o
LOAD build/sky/obj/uip-icmp6.o
LOAD build/sky/obj/uip-ipchksum.o
LOAD build/sky/obj/uip-mcast6-route.o
LOAD build/sky/obj/uip-mcast6-stats.o
LOAD build/sky/obj/uip-nameserver.o
LOAD build/sky/obj/uip-nd6.o
LOAD build/sky/obj/uip-packetqueue.o
LOAD build/sky/obj/uip-sr.o
LOAD build/sky/obj/uip-udp-packet.o
LOAD build/sky/obj/uip6.o
LOAD build/sky/obj/uipbuf.o
LOAD build/sky/obj/uiplib.o
LOAD build/sky/obj/watchdog.o
LOAD build/sky/obj/xmem.o
LOAD /usr/local/bin/../lib/gcc/msp430/4.7.2/../../../../msp430/lib/mmpy-16/libm.a
LOAD /usr/local/bin/../lib/gcc/msp430/4.7.2/mmpy-16/libgcc.a
LOAD /usr/local/bin/../lib/gcc/msp430/4.7.2/../../../../msp430/lib/mmpy-16/libc.a
LOAD /usr/local/bin/../lib/gcc/msp430/4.7.2/mmpy-16/libgcc.a
LOAD /usr/local/bin/../lib/gcc/msp430/4.7.2/mmpy-16/libcrt0.a
                0x00000080                PROVIDE (__info_segment_size, 0x80)
                0x00001000                PROVIDE (__infob, 0x1000)
                0x00001080                PROVIDE (__infoa, 0x1080)
                0x00000000                __IE1 = 0x0
                0x00000002                __IFG1 = 0x2
                0x00000004                __ME1 = 0x4
                0x00000001                __IE2 = 0x1
                0x00000003                __IFG2 = 0x3
                0x00000005                __ME2 = 0x5
                0x00000120                __WDTCTL = 0x120
                0x00000130                __MPY = 0x130
                0x00000132                __MPYS = 0x132
                0x00000134                __MAC = 0x134
                0x00000136                __MACS = 0x136
                0x00000138                __OP2 = 0x138
                0x0000013a                __RESLO = 0x13a
                0x0000013c                __RESHI = 0x13c
                0x0000013e                __SUMEXT = 0x13e
                0x00000020                __P1IN = 0x20
                0x00000021                __P1OUT = 0x21
                0x00000022                __P1DIR = 0x22
                0x00000023                __P1IFG = 0x23
                0x00000024                __P1IES = 0x24
                0x00000025                __P1IE = 0x25
                0x00000026                __P1SEL = 0x26
                0x00000028                __P2IN = 0x28
                0x00000029                __P2OUT = 0x29
                0x0000002a                __P2DIR = 0x2a
                0x0000002b                __P2IFG = 0x2b
                0x0000002c                __P2IES = 0x2c
                0x0000002d                __P2IE = 0x2d
                0x0000002e                __P2SEL = 0x2e
                0x00000018                __P3IN = 0x18
                0x00000019                __P3OUT = 0x19
                0x0000001a                __P3DIR = 0x1a
                0x0000001b                __P3SEL = 0x1b
                0x0000001c                __P4IN = 0x1c
                0x0000001d                __P4OUT = 0x1d
                0x0000001e                __P4DIR = 0x1e
                0x0000001f                __P4SEL = 0x1f
                0x00000030                __P5IN = 0x30
                0x00000031                __P5OUT = 0x31
                0x00000032                __P5DIR = 0x32
                0x00000033                __P5SEL = 0x33
                0x00000034                __P6IN = 0x34
                0x00000035                __P6OUT = 0x35
                0x00000036                __P6DIR = 0x36
                0x00000037                __P6SEL = 0x37
                0x00000070                __U0CTL = 0x70
                0x00000071                __U0TCTL = 0x71
                0x00000072                __U0RCTL = 0x72
                0x00000073                __U0MCTL = 0x73
                0x00000074                __U0BR0 = 0x74
                0x00000075                __U0BR1 = 0x75
                0x00000076                __U0RXBUF = 0x76
                0x00000077                __U0TXBUF = 0x77
                0x00000078                __U1CTL = 0x78
                0x00000079                __U1TCTL = 0x79
                0x0000007a                __U1RCTL = 0x7a
                0x0000007b                __U1MCTL = 0x7b
                0x0000007c                __U1BR0 = 0x7c
                0x0000007d                __U1BR1 = 0x7d
                0x0000007e                __U1RXBUF = 0x7e
                0x0000007f                __U1TXBUF = 0x7f
                0x00000050                __I2CIE = 0x50
                0x00000051                __I2CIFG = 0x51
                0x00000052                __I2CNDAT = 0x52
                0x00000071                __I2CTCTL = 0x71
                0x00000072                __I2CDCTL = 0x72
                0x00000073                __I2CPSC = 0x73
                0x00000074                __I2CSCLH = 0x74
                0x00000075                __I2CSCLL = 0x75
                0x00000076                __I2CDRB = 0x76
                0x00000076                __I2CDRW = 0x76
                0x00000118                __I2COA = 0x118
                0x0000011a                __I2CSA = 0x11a
                0x0000011c                __I2CIV = 0x11c
                0x0000012e                __TAIV = 0x12e
                0x00000160                __TACTL = 0x160
                0x00000162                __TACCTL0 = 0x162
                0x00000164                __TACCTL1 = 0x164
                0x00000166                __TACCTL2 = 0x166
                0x00000170                __TAR = 0x170
                0x00000172                __TACCR0 = 0x172
                0x00000174                __TACCR1 = 0x174
                0x00000176                __TACCR2 = 0x176
                0x0000011e                __TBIV = 0x11e
                0x00000180                __TBCTL = 0x180
                0x00000182                __TBCCTL0 = 0x182
                0x00000184                __TBCCTL1 = 0x184
                0x00000186                __TBCCTL2 = 0x186
                0x00000188                __TBCCTL3 = 0x188
                0x0000018a                __TBCCTL4 = 0x18a
                0x0000018c                __TBCCTL5 = 0x18c
                0x0000018e                __TBCCTL6 = 0x18e
                0x00000190                __TBR = 0x190
                0x00000192                __TBCCR0 = 0x192
                0x00000194                __TBCCR1 = 0x194
                0x00000196                __TBCCR2 = 0x196
                0x00000198                __TBCCR3 = 0x198
                0x0000019a                __TBCCR4 = 0x19a
                0x0000019c                __TBCCR5 = 0x19c
                0x0000019e                __TBCCR6 = 0x19e
                0x00000056                __DCOCTL = 0x56
                0x00000057                __BCSCTL1 = 0x57
                0x00000058                __BCSCTL2 = 0x58
                0x00000055                __SVSCTL = 0x55
                0x00000128                __FCTL1 = 0x128
                0x0000012a                __FCTL2 = 0x12a
                0x0000012c                __FCTL3 = 0x12c
                0x00000059                __CACTL1 = 0x59
                0x0000005a                __CACTL2 = 0x5a
                0x0000005b                __CAPD = 0x5b
                0x000001a0                __ADC12CTL0 = 0x1a0
                0x000001a2                __ADC12CTL1 = 0x1a2
                0x000001a4                __ADC12IFG = 0x1a4
                0x000001a6                __ADC12IE = 0x1a6
                0x000001a8                __ADC12IV = 0x1a8
                0x00000140                __ADC12MEM0 = 0x140
                0x00000142                __ADC12MEM1 = 0x142
                0x00000144                __ADC12MEM2 = 0x144
                0x00000146                __ADC12MEM3 = 0x146
                0x00000148                __ADC12MEM4 = 0x148
                0x0000014a                __ADC12MEM5 = 0x14a
                0x0000014c                __ADC12MEM6 = 0x14c
                0x0000014e                __ADC12MEM7 = 0x14e
                0x00000150                __ADC12MEM8 = 0x150
                0x00000152                __ADC12MEM9 = 0x152
                0x00000154                __ADC12MEM10 = 0x154
                0x00000156                __ADC12MEM11 = 0x156
                0x00000158                __ADC12MEM12 = 0x158
                0x0000015a                __ADC12MEM13 = 0x15a
                0x0000015c                __ADC12MEM14 = 0x15c
                0x0000015e                __ADC12MEM15 = 0x15e
                0x00000080                __ADC12MCTL0 = 0x80
                0x00000081                __ADC12MCTL1 = 0x81
                0x00000082                __ADC12MCTL2 = 0x82
                0x00000083                __ADC12MCTL3 = 0x83
                0x00000084                __ADC12MCTL4 = 0x84
                0x00000085                __ADC12MCTL5 = 0x85
                0x00000086                __ADC12MCTL6 = 0x86
                0x00000087                __ADC12MCTL7 = 0x87
                0x00000088                __ADC12MCTL8 = 0x88
                0x00000089                __ADC12MCTL9 = 0x89
                0x0000008a                __ADC12MCTL10 = 0x8a
                0x0000008b                __ADC12MCTL11 = 0x8b
                0x0000008c                __ADC12MCTL12 = 0x8c
                0x0000008d                __ADC12MCTL13 = 0x8d
                0x0000008e                __ADC12MCTL14 = 0x8e
                0x0000008f                __ADC12MCTL15 = 0x8f
                0x000001c0                __DAC12_0CTL = 0x1c0
                0x000001c2                __DAC12_1CTL = 0x1c2
                0x000001c8                __DAC12_0DAT = 0x1c8
                0x000001ca                __DAC12_1DAT = 0x1ca
                0x00000122                __DMACTL0 = 0x122
                0x00000124                __DMACTL1 = 0x124
                0x000001e0                __DMA0CTL = 0x1e0
                0x000001e8                __DMA1CTL = 0x1e8
                0x000001f0                __DMA2CTL = 0x1f0
                0x000001e2                __DMA0SA = 0x1e2
                0x000001e4                __DMA0DA = 0x1e4
                0x000001e6                __DMA0SZ = 0x1e6
                0x000001ea                __DMA1SA = 0x1ea
                0x000001ec                __DMA1DA = 0x1ec
                0x000001ee                __DMA1SZ = 0x1ee
                0x000001f2                __DMA2SA = 0x1f2
                0x000001f4                __DMA2DA = 0x1f4
                0x000001f6                __DMA2SZ = 0x1f6

.hash
 *(SORT(.hash))

.dynsym
 *(SORT(.dynsym))

.dynstr
 *(SORT(.dynstr))

.gnu.version
 *(SORT(.gnu.version))

.gnu.version_d
 *(SORT(.gnu.version_d))

.gnu.version_r
 *(SORT(.gnu.version_r))

.rel.init
 *(SORT(.rel.init))

.rela.init
 *(SORT(.rela.init))

.rel.fini
 *(SORT(.rel.fini))

.rela.fini
 *(SORT(.rela.fini))

.rel.text
 *(SORT(.rel.text) SORT(.rel.text.*) SORT(.rel.gnu.linkonce.t.*))

.rela.text
 *(SORT(.rela.text) SORT(.rela.text.*) SORT(.rela.gnu.linkonce.t.*))

.rel.rodata
 *(SORT(.rel.rodata) SORT(.rel.rodata.*) SORT(.rel.gnu.linkonce.r.*))

.rela.rodata
 *(SORT(.rela.rodata) SORT(.rela.rodata.*) SORT(.rela.gnu.linkonce.r.*))

.rel.data
 *(SORT(.rel.data) SORT(.rel.data.*) SORT(.rel.gnu.linkonce.d.*))

.rela.data
 *(SORT(.rela.data) SORT(.rela.data.*) SORT(.rela.gnu.linkonce.d.*))

.rel.bss
 *(SORT(.rel.bss) SORT(.rel.bss.*) SORT(.rel.gnu.linkonce.b.*))

.rela.bss
 *(SORT(.rela.bss) SORT(.rela.bss.*) SORT(.rela.gnu.linkonce.b.*))

.rel.ctors
 *(SORT(.rel.ctors))

.rela.ctors
 *(SORT(.rela.ctors))

.rel.dtors
 *(SORT(.rel.dtors))

.rela.dtors
 *(SORT(.rela.dtors))

.rel.got
 *(SORT(.rel.got))

.rela.got
 *(SORT(.rela.got))

.rel.plt
 *(SORT(.rel.plt))

.rela.plt
 *(SORT(.rela.plt))

.text           0x00004000     0xf446
                0x00004000                . = ALIGN (0x2)
 *(SORT(.init) SORT(.init.*))
 *(SORT(.init0))
 .init0         0x00004000        0x0 /usr/local/bin/../lib/gcc/msp430/4.7.2/mmpy-16/libcrt0.a(_reset_vector__.o)
                0x00004000                _reset_vector__
 *(SORT(.init1))
 .init1         0x00004000        0xc /usr/local/bin/../lib/gcc/msp430/4.7.2/mmpy-16/libcrt0.a(__watchdog_support.o)
                0x00004000                __watchdog_support
 *(SORT(.init2))
 .init2         0x0000400c        0x4 /usr/local/bin/../lib/gcc/msp430/4.7.2/mmpy-16/libcrt0.a(__init_stack.o)
                0x0000400c                __init_stack
 *(SORT(.init3))
 .init3         0x00004010        0x0 /usr/local/bin/../lib/gcc/msp430/4.7.2/mmpy-16/libcrt0.a(__low_level_init.o)
                0x00004010                __low_level_init
 *(SORT(.init4))
 .init4         0x00004010       0x18 /usr/local/bin/../lib/gcc/msp430/4.7.2/mmpy-16/libcrt0.a(_copy_data.o)
                0x00004010                __do_copy_data
 .init4         0x00004028       0x16 /usr/local/bin/../lib/gcc/msp430/4.7.2/mmpy-16/libcrt0.a(_clear_bss.o)
                0x00004028                __do_clear_bss
 *(SORT(.init5))
 *(SORT(.init6))
 *(SORT(.init7))
 *(SORT(.init8))
 *(SORT(.init9))
 .init9         0x0000403e      0x236 build/sky/obj/contiki-main.o
                0x0000403e                main
 *(SORT(.fini9))
 .fini9         0x00004274        0x0 /usr/local/bin/../lib/gcc/msp430/4.7.2/mmpy-16/libcrt0.a(__stop_progExec__.o)
                0x00004274                __stop_progExec__
 *(SORT(.fini8))
 *(SORT(.fini7))
 *(SORT(.fini6))
 *(SORT(.fini5))
 *(SORT(.fini4))
 *(SORT(.fini3))
 *(SORT(.fini2))
 *(SORT(.fini1))
 *(SORT(.fini0))
 .fini0         0x00004274        0x6 /usr/local/bin/../lib/gcc/msp430/4.7.2/mmpy-16/libcrt0.a(_endless_loop__.o)
                0x00004274                _endless_loop__
 *(SORT(.fini) SORT(.fini.*))
                0x0000427a                . = ALIGN (0x2)
                0x0000427a                __ctors_start = .
 *(SORT(.ctors))
                0x0000427a                __ctors_end = .
                0x0000427a                __dtors_start = .
 *(SORT(.dtors))
                0x0000427a                __dtors_end = .
                0x0000427a                . = ALIGN (0x2)
 *(SORT(.text) SORT(.text.*) SORT(.gnu.linkonce.t.*))
 .text          0x0000427a        0x4 /usr/local/bin/../lib/gcc/msp430/4.7.2/mmpy-16/crt0ivtbl16.o
                0x0000427a                __isr_14
                0x0000427a                __isr_11
                0x0000427a                __isr_2
                0x0000427a                __isr_7
                0x0000427a                __isr_0
                0x0000427a                __isr_8
                0x0000427a                __isr_3
                0x0000427a                __isr_13
                0x0000427a                __isr_9
 .text.autostart_start
                0x0000427e       0x16 build/sky/obj/autostart.o
                0x0000427e                autostart_start
 .text.status   0x00004294       0x18 build/sky/obj/button-sensor.o
 .text.value    0x000042ac       0x20 build/sky/obj/button-sensor.o
 .text.configure
                0x000042cc       0x4c build/sky/obj/button-sensor.o
 .text.irq_p2   0x00004318       0x46 build/sky/obj/button-sensor.o
                0x00004318                irq_p2
                0x00004318                __isr_1
 .text.cc2420_timerb1_interrupt
                0x0000435e       0x26 build/sky/obj/cc2420-arch-sfd.o
                0x0000435e                cc2420_timerb1_interrupt
                0x0000435e                __isr_12
 .text.cc2420_arch_sfd_init
                0x00004384       0x26 build/sky/obj/cc2420-arch-sfd.o
                0x00004384                cc2420_arch_sfd_init
 .text.cc2420_port1_interrupt
                0x000043aa       0x20 build/sky/obj/cc2420-arch.o
                0x000043aa                __isr_4
                0x000043aa                cc2420_port1_interrupt
 .text.cc2420_arch_init
                0x000043ca       0x1e build/sky/obj/cc2420-arch.o
                0x000043ca                cc2420_arch_init
 .text.set_object
                0x000043e8        0x4 build/sky/obj/cc2420.o
 .text.strobe   0x000043ec       0x1c build/sky/obj/cc2420.o
 .text.getreg   0x00004408       0x4c build/sky/obj/cc2420.o
 .text.setreg   0x00004454       0x4c build/sky/obj/cc2420.o
 .text.write_ram
                0x000044a0       0x7c build/sky/obj/cc2420.o
 .text.write_fifo_buf
                0x0000451c       0x3c build/sky/obj/cc2420.o
 .text.get_status
                0x00004558       0x20 build/sky/obj/cc2420.o
 .text.on       0x00004578       0x1a build/sky/obj/cc2420.o
 .text.cc2420_receiving_packet
                0x00004592        0xc build/sky/obj/cc2420.o
 .text.pending_packet
                0x0000459e        0x8 build/sky/obj/cc2420.o
 .text.wait_for_transmission
                0x000045a6       0x22 build/sky/obj/cc2420.o
 .text.wait_for_status
                0x000045c8       0x28 build/sky/obj/cc2420.o
 .text.getrxdata
                0x000045f0       0x50 build/sky/obj/cc2420.o
 .text.flushrx  0x00004640       0x1a build/sky/obj/cc2420.o
 .text.off      0x0000465a       0x28 build/sky/obj/cc2420.o
 .text.RELEASE_LOCK
                0x00004682       0x28 build/sky/obj/cc2420.o
 .text.set_key  0x000046aa       0x18 build/sky/obj/cc2420.o
 .text.set_frame_filtering
                0x000046c2       0x30 build/sky/obj/cc2420.o
 .text.set_auto_ack
                0x000046f2       0x30 build/sky/obj/cc2420.o
 .text.set_poll_mode
                0x00004722       0x2c build/sky/obj/cc2420.o
 .text.get_object
                0x0000474e       0x20 build/sky/obj/cc2420.o
 .text.cc2420_prepare
                0x0000476e       0x46 build/sky/obj/cc2420.o
 .text.cc2420_on
                0x000047b4       0x22 build/sky/obj/cc2420.o
                0x000047b4                cc2420_on
 .text.cc2420_transmit
                0x000047d6       0x66 build/sky/obj/cc2420.o
 .text.cc2420_send
                0x0000483c       0x12 build/sky/obj/cc2420.o
 .text.cc2420_off
                0x0000484e       0x30 build/sky/obj/cc2420.o
                0x0000484e                cc2420_off
 .text.cc2420_cca
                0x0000487e       0x68 build/sky/obj/cc2420.o
 .text.cc2420_read
                0x000048e6       0xbe build/sky/obj/cc2420.o
 .text.process_thread_cc2420_process
                0x000049a4       0x56 build/sky/obj/cc2420.o
 .text.encrypt  0x000049fa       0x88 build/sky/obj/cc2420.o
 .text.cc2420_set_channel
                0x00004a82       0x3c build/sky/obj/cc2420.o
                0x00004a82                cc2420_set_channel
 .text.cc2420_set_pan_addr
                0x00004abe       0x4c build/sky/obj/cc2420.o
                0x00004abe                cc2420_set_pan_addr
 .text.cc2420_interrupt
                0x00004b0a       0x16 build/sky/obj/cc2420.o
                0x00004b0a                cc2420_interrupt
 .text.cc2420_set_txpower
                0x00004b20       0x2c build/sky/obj/cc2420.o
                0x00004b20                cc2420_set_txpower
 .text.cc2420_get_txpower
                0x00004b4c       0x1e build/sky/obj/cc2420.o
                0x00004b4c                cc2420_get_txpower
 .text.cc2420_rssi
                0x00004b6a       0x4c build/sky/obj/cc2420.o
                0x00004b6a                cc2420_rssi
 .text.get_value
                0x00004bb6      0x11e build/sky/obj/cc2420.o
 .text.cc2420_set_cca_threshold
                0x00004cd4       0x16 build/sky/obj/cc2420.o
                0x00004cd4                cc2420_set_cca_threshold
 .text.set_value
                0x00004cea      0x150 build/sky/obj/cc2420.o
 .text.cc2420_init
                0x00004e3a       0xea build/sky/obj/cc2420.o
                0x00004e3a                cc2420_init
 .text.process_thread_broadcast_example_process
                0x00004f24      0x13a build/sky/obj/client.o
 .text.timera1  0x0000505e       0xdc build/sky/obj/clock.o
                0x0000505e                __isr_5
                0x0000505e                timera1
 .text.clock_time
                0x0000513a       0x1a build/sky/obj/clock.o
                0x0000513a                clock_time
 .text.clock_init
                0x00005154       0x28 build/sky/obj/clock.o
                0x00005154                clock_init
 .text.clock_delay
                0x0000517c        0xc build/sky/obj/clock.o
                0x0000517c                clock_delay
 .text.clock_seconds
                0x00005188       0x1a build/sky/obj/clock.o
                0x00005188                clock_seconds
 .text.init_platform
                0x000051a2        0xc build/sky/obj/contiki-sky-platform.o
                0x000051a2                init_platform
 .text.process_thread_ctimer_process
                0x000051ae       0xa8 build/sky/obj/ctimer.o
 .text.ctimer_init
                0x00005256       0x18 build/sky/obj/ctimer.o
                0x00005256                ctimer_init
 .text.ctimer_set_with_process
                0x0000526e       0x4e build/sky/obj/ctimer.o
                0x0000526e                ctimer_set_with_process
 .text.ctimer_set
                0x000052bc       0x10 build/sky/obj/ctimer.o
                0x000052bc                ctimer_set
 .text.ctimer_reset
                0x000052cc       0x30 build/sky/obj/ctimer.o
                0x000052cc                ctimer_reset
 .text.ctimer_stop
                0x000052fc       0x28 build/sky/obj/ctimer.o
                0x000052fc                ctimer_stop
 .text.ctimer_expired
                0x00005324       0x30 build/sky/obj/ctimer.o
                0x00005324                ctimer_expired
 .text.owreadb  0x00005354       0x50 build/sky/obj/ds2411.o
 .text.ds2411_init
                0x000053a4      0x120 build/sky/obj/ds2411.o
                0x000053a4                ds2411_init
 .text.energest_init
                0x000054c4        0x2 build/sky/obj/energest.o
                0x000054c4                energest_init
 .text.energest_flush
                0x000054c6        0x2 build/sky/obj/energest.o
                0x000054c6                energest_flush
 .text.update_time
                0x000054c8       0x78 build/sky/obj/etimer.o
 .text.etimer_request_poll
                0x00005540        0xa build/sky/obj/etimer.o
                0x00005540                etimer_request_poll
 .text.process_thread_etimer_process
                0x0000554a       0xcc build/sky/obj/etimer.o
 .text.add_timer
                0x00005616       0x40 build/sky/obj/etimer.o
 .text.etimer_set
                0x00005656       0x12 build/sky/obj/etimer.o
                0x00005656                etimer_set
 .text.etimer_reset
                0x00005668       0x12 build/sky/obj/etimer.o
                0x00005668                etimer_reset
 .text.etimer_restart
                0x0000567a       0x12 build/sky/obj/etimer.o
                0x0000567a                etimer_restart
 .text.etimer_expired
                0x0000568c        0xe build/sky/obj/etimer.o
                0x0000568c                etimer_expired
 .text.etimer_pending
                0x0000569a        0xc build/sky/obj/etimer.o
                0x0000569a                etimer_pending
 .text.etimer_next_expiration_time
                0x000056a6       0x16 build/sky/obj/etimer.o
                0x000056a6                etimer_next_expiration_time
 .text.etimer_stop
                0x000056bc       0x3e build/sky/obj/etimer.o
                0x000056bc                etimer_stop
 .text.frame802154_get_pan_id
                0x000056fa        0x6 build/sky/obj/frame802154.o
                0x000056fa                frame802154_get_pan_id
 .text.frame802154_set_pan_id
                0x00005700        0x6 build/sky/obj/frame802154.o
                0x00005700                frame802154_set_pan_id
 .text.frame802154_has_panid
                0x00005706       0xe0 build/sky/obj/frame802154.o
                0x00005706                frame802154_has_panid
 .text.field_len
                0x000057e6       0xac build/sky/obj/frame802154.o
 .text.frame802154_check_dest_panid
                0x00005892       0x3a build/sky/obj/frame802154.o
                0x00005892                frame802154_check_dest_panid
 .text.frame802154_is_broadcast_addr
                0x000058cc       0x28 build/sky/obj/frame802154.o
                0x000058cc                frame802154_is_broadcast_addr
 .text.frame802154_extract_linkaddr
                0x000058f4       0x9c build/sky/obj/frame802154.o
                0x000058f4                frame802154_extract_linkaddr
 .text.frame802154_hdrlen
                0x00005990       0x32 build/sky/obj/frame802154.o
                0x00005990                frame802154_hdrlen
 .text.frame802154_create_fcf
                0x000059c2       0x96 build/sky/obj/frame802154.o
                0x000059c2                frame802154_create_fcf
 .text.frame802154_create
                0x00005a58       0xe4 build/sky/obj/frame802154.o
                0x00005a58                frame802154_create
 .text.frame802154_parse_fcf
                0x00005b3c       0xbc build/sky/obj/frame802154.o
                0x00005b3c                frame802154_parse_fcf
 .text.frame802154_parse
                0x00005bf8      0x168 build/sky/obj/frame802154.o
                0x00005bf8                frame802154_parse
 .text.frame80215e_create_ie_header_ack_nack_time_correction
                0x00005d60       0x38 build/sky/obj/frame802154e-ie.o
                0x00005d60                frame80215e_create_ie_header_ack_nack_time_correction
 .text.frame80215e_create_ie_header_list_termination_1
                0x00005d98       0x1c build/sky/obj/frame802154e-ie.o
                0x00005d98                frame80215e_create_ie_header_list_termination_1
 .text.frame80215e_create_ie_mlme
                0x00005db4       0x28 build/sky/obj/frame802154e-ie.o
                0x00005db4                frame80215e_create_ie_mlme
 .text.frame80215e_create_ie_tsch_synchronization
                0x00005ddc       0x56 build/sky/obj/frame802154e-ie.o
                0x00005ddc                frame80215e_create_ie_tsch_synchronization
 .text.frame80215e_create_ie_tsch_slotframe_and_link
                0x00005e32       0xd4 build/sky/obj/frame802154e-ie.o
                0x00005e32                frame80215e_create_ie_tsch_slotframe_and_link
 .text.frame80215e_create_ie_tsch_timeslot
                0x00005f06       0x6a build/sky/obj/frame802154e-ie.o
                0x00005f06                frame80215e_create_ie_tsch_timeslot
 .text.frame80215e_create_ie_tsch_channel_hopping_sequence
                0x00005f70       0xa2 build/sky/obj/frame802154e-ie.o
                0x00005f70                frame80215e_create_ie_tsch_channel_hopping_sequence
 .text.frame802154e_parse_information_elements
                0x00006012      0x38a build/sky/obj/frame802154e-ie.o
                0x00006012                frame802154e_parse_information_elements
 .text.parse    0x0000639c       0xa2 build/sky/obj/framer-802154.o
 .text.framer_802154_setup_params
                0x0000643e       0xbc build/sky/obj/framer-802154.o
                0x0000643e                framer_802154_setup_params
 .text.create_frame
                0x000064fa       0xa2 build/sky/obj/framer-802154.o
 .text.create   0x0000659c        0x8 build/sky/obj/framer-802154.o
 .text.hdr_length
                0x000065a4        0x8 build/sky/obj/framer-802154.o
 .text.int_master_read_and_disable
                0x000065ac        0x8 build/sky/obj/int-master.o
                0x000065ac                int_master_read_and_disable
 .text.int_master_status_set
                0x000065b4        0x4 build/sky/obj/int-master.o
                0x000065b4                int_master_status_set
 .text.leds_arch_init
                0x000065b8        0xe build/sky/obj/leds-arch.o
                0x000065b8                leds_arch_init
 .text.leds_arch_get
                0x000065c6       0x34 build/sky/obj/leds-arch.o
                0x000065c6                leds_arch_get
 .text.leds_arch_set
                0x000065fa       0x3e build/sky/obj/leds-arch.o
                0x000065fa                leds_arch_set
 .text.leds_init
                0x00006638        0x6 build/sky/obj/leds.o
                0x00006638                leds_init
 .text.leds_on  0x0000663e       0x12 build/sky/obj/leds.o
                0x0000663e                leds_on
 .text.leds_off
                0x00006650       0x12 build/sky/obj/leds.o
                0x00006650                leds_off
 .text.periodic
                0x00006662       0x28 build/sky/obj/link-stats.o
 .text.link_stats_from_lladdr
                0x0000668a        0xc build/sky/obj/link-stats.o
                0x0000668a                link_stats_from_lladdr
 .text.link_stats_is_fresh
                0x00006696       0x30 build/sky/obj/link-stats.o
                0x00006696                link_stats_is_fresh
 .text.link_stats_packet_sent
                0x000066c6       0xf4 build/sky/obj/link-stats.o
                0x000066c6                link_stats_packet_sent
 .text.link_stats_input_callback
                0x000067ba      0x106 build/sky/obj/link-stats.o
                0x000067ba                link_stats_input_callback
 .text.link_stats_reset
                0x000068c0       0x2a build/sky/obj/link-stats.o
                0x000068c0                link_stats_reset
 .text.link_stats_init
                0x000068ea       0x22 build/sky/obj/link-stats.o
                0x000068ea                link_stats_init
 .text.linkaddr_copy
                0x0000690c        0x8 build/sky/obj/linkaddr.o
                0x0000690c                linkaddr_copy
 .text.linkaddr_cmp
                0x00006914       0x12 build/sky/obj/linkaddr.o
                0x00006914                linkaddr_cmp
 .text.linkaddr_set_node_addr
                0x00006926        0xc build/sky/obj/linkaddr.o
                0x00006926                linkaddr_set_node_addr
 .text.list_init
                0x00006932        0x6 build/sky/obj/list.o
                0x00006932                list_init
 .text.list_head
                0x00006938        0x4 build/sky/obj/list.o
                0x00006938                list_head
 .text.list_tail
                0x0000693c       0x12 build/sky/obj/list.o
                0x0000693c                list_tail
 .text.list_remove
                0x0000694e       0x34 build/sky/obj/list.o
                0x0000694e                list_remove
 .text.list_push
                0x00006982       0x1a build/sky/obj/list.o
                0x00006982                list_push
 .text.list_add
                0x0000699c       0x2a build/sky/obj/list.o
                0x0000699c                list_add
 .text.list_item_next
                0x000069c6        0xc build/sky/obj/list.o
                0x000069c6                list_item_next
 .text.log_6addr
                0x000069d2       0x32 build/sky/obj/log.o
                0x000069d2                log_6addr
 .text.log_lladdr
                0x00006a04       0x44 build/sky/obj/log.o
                0x00006a04                log_lladdr
 .text.log_set_level
                0x00006a48       0x58 build/sky/obj/log.o
                0x00006a48                log_set_level
 .text.log_get_level
                0x00006aa0       0x48 build/sky/obj/log.o
                0x00006aa0                log_get_level
 .text.log_level_to_str
                0x00006ae8       0x14 build/sky/obj/log.o
                0x00006ae8                log_level_to_str
 .text.mac_sequence_init
                0x00006afc        0xa build/sky/obj/mac-sequence.o
                0x00006afc                mac_sequence_init
 .text.mac_sequence_set_dsn
                0x00006b06       0x18 build/sky/obj/mac-sequence.o
                0x00006b06                mac_sequence_set_dsn
 .text.mac_sequence_is_duplicate
                0x00006b1e       0x84 build/sky/obj/mac-sequence.o
                0x00006b1e                mac_sequence_is_duplicate
 .text.mac_sequence_register_seqno
                0x00006ba2       0x90 build/sky/obj/mac-sequence.o
                0x00006ba2                mac_sequence_register_seqno
 .text.mac_call_sent_callback
                0x00006c32       0x14 build/sky/obj/mac.o
                0x00006c32                mac_call_sent_callback
 .text.memb_init
                0x00006c46       0x36 build/sky/obj/memb.o
                0x00006c46                memb_init
 .text.memb_alloc
                0x00006c7c       0x3e build/sky/obj/memb.o
                0x00006c7c                memb_alloc
 .text.memb_free
                0x00006cba       0x32 build/sky/obj/memb.o
                0x00006cba                memb_free
 .text.memb_inmemb
                0x00006cec       0x2a build/sky/obj/memb.o
                0x00006cec                memb_inmemb
 .text.memb_numfree
                0x00006d16       0x26 build/sky/obj/memb.o
                0x00006d16                memb_numfree
 .text.msp430_init_dco
                0x00006d3c       0x82 build/sky/obj/msp430.o
                0x00006d3c                msp430_init_dco
 .text.msp430_add_lpm_req
                0x00006dbe        0xc build/sky/obj/msp430.o
                0x00006dbe                msp430_add_lpm_req
 .text.msp430_cpu_init
                0x00006dca       0x2a build/sky/obj/msp430.o
                0x00006dca                msp430_cpu_init
 .text.splhigh_
                0x00006df4        0xa build/sky/obj/msp430.o
                0x00006df4                splhigh_
 .text.item_from_index
                0x00006dfe       0x2a build/sky/obj/nbr-table.o
 .text.index_from_key
                0x00006e28       0x26 build/sky/obj/nbr-table.o
 .text.index_from_item
                0x00006e4e       0x1e build/sky/obj/nbr-table.o
 .text.nbr_set_bit
                0x00006e6c       0x58 build/sky/obj/nbr-table.o
 .text.index_from_lladdr
                0x00006ec4       0x42 build/sky/obj/nbr-table.o
 .text.nbr_get_bit.constprop.3
                0x00006f06       0x2e build/sky/obj/nbr-table.o
 .text.remove_key
                0x00006f34       0x84 build/sky/obj/nbr-table.o
 .text.nbr_table_is_registered
                0x00006fb8       0x22 build/sky/obj/nbr-table.o
                0x00006fb8                nbr_table_is_registered
 .text.nbr_table_register
                0x00006fda       0x40 build/sky/obj/nbr-table.o
                0x00006fda                nbr_table_register
 .text.nbr_table_next
                0x0000701a       0x54 build/sky/obj/nbr-table.o
                0x0000701a                nbr_table_next
 .text.nbr_table_head
                0x0000706e       0x3a build/sky/obj/nbr-table.o
                0x0000706e                nbr_table_head
 .text.nbr_table_get_from_lladdr
                0x000070a8       0x2c build/sky/obj/nbr-table.o
                0x000070a8                nbr_table_get_from_lladdr
 .text.entry_is_allowed.isra.2
                0x000070d4       0x80 build/sky/obj/nbr-table.o
 .text.nbr_table_add_lladdr
                0x00007154       0xc2 build/sky/obj/nbr-table.o
                0x00007154                nbr_table_add_lladdr
 .text.nbr_table_remove
                0x00007216       0x32 build/sky/obj/nbr-table.o
                0x00007216                nbr_table_remove
 .text.nbr_table_lock
                0x00007248       0x10 build/sky/obj/nbr-table.o
                0x00007248                nbr_table_lock
 .text.nbr_table_unlock
                0x00007258       0x10 build/sky/obj/nbr-table.o
                0x00007258                nbr_table_unlock
 .text.nbr_table_get_lladdr
                0x00007268       0x22 build/sky/obj/nbr-table.o
                0x00007268                nbr_table_get_lladdr
 .text.netstack_process_ip_callback
                0x0000728a       0x4e build/sky/obj/netstack.o
                0x0000728a                netstack_process_ip_callback
 .text.netstack_init
                0x000072d8        0xe build/sky/obj/netstack.o
                0x000072d8                netstack_init
 .text.node_id_init
                0x000072e6       0x14 build/sky/obj/node-id.o
                0x000072e6                node_id_init
 .text.packetbuf_hdrreduce
                0x000072fa       0x1a build/sky/obj/packetbuf.o
                0x000072fa                packetbuf_hdrreduce
 .text.packetbuf_set_datalen
                0x00007314        0x6 build/sky/obj/packetbuf.o
                0x00007314                packetbuf_set_datalen
 .text.packetbuf_hdrptr
                0x0000731a        0x6 build/sky/obj/packetbuf.o
                0x0000731a                packetbuf_hdrptr
 .text.packetbuf_datalen
                0x00007320        0x6 build/sky/obj/packetbuf.o
                0x00007320                packetbuf_datalen
 .text.packetbuf_hdrlen
                0x00007326        0xa build/sky/obj/packetbuf.o
                0x00007326                packetbuf_hdrlen
 .text.packetbuf_dataptr
                0x00007330        0xc build/sky/obj/packetbuf.o
                0x00007330                packetbuf_dataptr
 .text.packetbuf_copyto
                0x0000733c       0x46 build/sky/obj/packetbuf.o
                0x0000733c                packetbuf_copyto
 .text.packetbuf_totlen
                0x00007382        0xc build/sky/obj/packetbuf.o
                0x00007382                packetbuf_totlen
 .text.packetbuf_hdralloc
                0x0000738e       0x3c build/sky/obj/packetbuf.o
                0x0000738e                packetbuf_hdralloc
 .text.packetbuf_remaininglen
                0x000073ca        0xe build/sky/obj/packetbuf.o
                0x000073ca                packetbuf_remaininglen
 .text.packetbuf_attr_clear
                0x000073d8       0x28 build/sky/obj/packetbuf.o
                0x000073d8                packetbuf_attr_clear
 .text.packetbuf_clear
                0x00007400       0x12 build/sky/obj/packetbuf.o
                0x00007400                packetbuf_clear
 .text.packetbuf_copyfrom
                0x00007412       0x2e build/sky/obj/packetbuf.o
                0x00007412                packetbuf_copyfrom
 .text.packetbuf_attr_copyto
                0x00007440       0x22 build/sky/obj/packetbuf.o
                0x00007440                packetbuf_attr_copyto
 .text.packetbuf_attr_copyfrom
                0x00007462       0x24 build/sky/obj/packetbuf.o
                0x00007462                packetbuf_attr_copyfrom
 .text.packetbuf_set_attr
                0x00007486        0xc build/sky/obj/packetbuf.o
                0x00007486                packetbuf_set_attr
 .text.packetbuf_attr
                0x00007492        0xa build/sky/obj/packetbuf.o
                0x00007492                packetbuf_attr
 .text.packetbuf_set_addr
                0x0000749c       0x18 build/sky/obj/packetbuf.o
                0x0000749c                packetbuf_set_addr
 .text.packetbuf_addr
                0x000074b4       0x12 build/sky/obj/packetbuf.o
                0x000074b4                packetbuf_addr
 .text.packetbuf_holds_broadcast
                0x000074c6        0xe build/sky/obj/packetbuf.o
                0x000074c6                packetbuf_holds_broadcast
 .text.platform_init_stage_one
                0x000074d4       0x12 build/sky/obj/platform.o
                0x000074d4                platform_init_stage_one
 .text.platform_init_stage_two
                0x000074e6       0x64 build/sky/obj/platform.o
                0x000074e6                platform_init_stage_two
 .text.platform_init_stage_three
                0x0000754a       0x6c build/sky/obj/platform.o
                0x0000754a                platform_init_stage_three
 .text.platform_idle
                0x000075b6       0x38 build/sky/obj/platform.o
                0x000075b6                platform_idle
 .text.call_process
                0x000075ee       0x46 build/sky/obj/process.o
 .text.exit_process
                0x00007634       0x96 build/sky/obj/process.o
 .text.do_poll  0x000076ca       0x30 build/sky/obj/process.o
 .text.process_alloc_event
                0x000076fa        0xe build/sky/obj/process.o
                0x000076fa                process_alloc_event
 .text.process_init
                0x00007708       0x18 build/sky/obj/process.o
                0x00007708                process_init
 .text.process_run
                0x00007720       0x92 build/sky/obj/process.o
                0x00007720                process_run
 .text.process_nevents
                0x000077b2        0xe build/sky/obj/process.o
                0x000077b2                process_nevents
 .text.process_post
                0x000077c0       0x42 build/sky/obj/process.o
                0x000077c0                process_post
 .text.process_post_synch
                0x00007802       0x12 build/sky/obj/process.o
                0x00007802                process_post_synch
 .text.process_start
                0x00007814       0x36 build/sky/obj/process.o
                0x00007814                process_start
 .text.process_poll
                0x0000784a       0x18 build/sky/obj/process.o
                0x0000784a                process_poll
 .text.queuebuf_init
                0x00007862       0x12 build/sky/obj/queuebuf.o
                0x00007862                queuebuf_init
 .text.queuebuf_numfree
                0x00007874        0xa build/sky/obj/queuebuf.o
                0x00007874                queuebuf_numfree
 .text.queuebuf_new_from_packetbuf
                0x0000787e       0x52 build/sky/obj/queuebuf.o
                0x0000787e                queuebuf_new_from_packetbuf
 .text.queuebuf_free
                0x000078d0       0x2a build/sky/obj/queuebuf.o
                0x000078d0                queuebuf_free
 .text.queuebuf_to_packetbuf
                0x000078fa       0x32 build/sky/obj/queuebuf.o
                0x000078fa                queuebuf_to_packetbuf
 .text.queuebuf_dataptr
                0x0000792c       0x1c build/sky/obj/queuebuf.o
                0x0000792c                queuebuf_dataptr
 .text.queuebuf_datalen
                0x00007948        0x8 build/sky/obj/queuebuf.o
                0x00007948                queuebuf_datalen
 .text.random_init
                0x00007950        0x6 build/sky/obj/random.o
                0x00007950                random_init
 .text.random_rand
                0x00007956        0x6 build/sky/obj/random.o
                0x00007956                random_rand
 .text.ringbufindex_init
                0x0000795c       0x10 build/sky/obj/ringbufindex.o
                0x0000795c                ringbufindex_init
 .text.ringbufindex_put
                0x0000796c       0x28 build/sky/obj/ringbufindex.o
                0x0000796c                ringbufindex_put
 .text.ringbufindex_peek_put
                0x00007994       0x1c build/sky/obj/ringbufindex.o
                0x00007994                ringbufindex_peek_put
 .text.ringbufindex_get
                0x000079b0       0x2c build/sky/obj/ringbufindex.o
                0x000079b0                ringbufindex_get
 .text.ringbufindex_peek_get
                0x000079dc       0x16 build/sky/obj/ringbufindex.o
                0x000079dc                ringbufindex_peek_get
 .text.ringbufindex_elements
                0x000079f2       0x10 build/sky/obj/ringbufindex.o
                0x000079f2                ringbufindex_elements
 .text.ringbufindex_empty
                0x00007a02       0x10 build/sky/obj/ringbufindex.o
                0x00007a02                ringbufindex_empty
 .text.rpl_dag_root_set_prefix
                0x00007a12       0x62 build/sky/obj/rpl-dag-root.o
                0x00007a12                rpl_dag_root_set_prefix
 .text.rpl_dag_root_start
                0x00007a74       0x8e build/sky/obj/rpl-dag-root.o
                0x00007a74                rpl_dag_root_start
 .text.rpl_dag_root_is_root
                0x00007b02       0x14 build/sky/obj/rpl-dag-root.o
                0x00007b02                rpl_dag_root_is_root
 .text.init_dag
                0x00007b16       0x84 build/sky/obj/rpl-dag.o
 .text.process_dio_init_dag
                0x00007b9a       0xb0 build/sky/obj/rpl-dag.o
 .text.rpl_dag_get_root_ipaddr
                0x00007c4a       0x1e build/sky/obj/rpl-dag.o
                0x00007c4a                rpl_dag_get_root_ipaddr
 .text.rpl_dag_leave
                0x00007c68       0x4a build/sky/obj/rpl-dag.o
                0x00007c68                rpl_dag_leave
 .text.rpl_dag_poison_and_leave
                0x00007cb2        0xc build/sky/obj/rpl-dag.o
                0x00007cb2                rpl_dag_poison_and_leave
 .text.rpl_dag_periodic
                0x00007cbe       0x6a build/sky/obj/rpl-dag.o
                0x00007cbe                rpl_dag_periodic
 .text.rpl_is_addr_in_our_dag
                0x00007d28       0x34 build/sky/obj/rpl-dag.o
                0x00007d28                rpl_is_addr_in_our_dag
 .text.rpl_refresh_routes
                0x00007d5c       0x20 build/sky/obj/rpl-dag.o
                0x00007d5c                rpl_refresh_routes
 .text.rpl_local_repair
                0x00007d7c       0x2a build/sky/obj/rpl-dag.o
                0x00007d7c                rpl_local_repair
 .text.rpl_global_repair
                0x00007da6       0x2e build/sky/obj/rpl-dag.o
                0x00007da6                rpl_global_repair
 .text.rpl_dag_ready_to_advertise
                0x00007dd4       0x22 build/sky/obj/rpl-dag.o
                0x00007dd4                rpl_dag_ready_to_advertise
 .text.rpl_dag_update_state
                0x00007df6      0x140 build/sky/obj/rpl-dag.o
                0x00007df6                rpl_dag_update_state
 .text.rpl_process_dio
                0x00007f36      0x1b6 build/sky/obj/rpl-dag.o
                0x00007f36                rpl_process_dio
 .text.rpl_process_dis
                0x000080ec       0x2a build/sky/obj/rpl-dag.o
                0x000080ec                rpl_process_dis
 .text.rpl_process_dao
                0x00008116       0x6c build/sky/obj/rpl-dag.o
                0x00008116                rpl_process_dao
 .text.rpl_process_dao_ack
                0x00008182       0x54 build/sky/obj/rpl-dag.o
                0x00008182                rpl_process_dao_ack
 .text.rpl_process_hbh
                0x000081d6       0x2e build/sky/obj/rpl-dag.o
                0x000081d6                rpl_process_hbh
 .text.rpl_dag_init_root
                0x00008204       0xbc build/sky/obj/rpl-dag.o
                0x00008204                rpl_dag_init_root
 .text.rpl_dag_init
                0x000082c0       0x10 build/sky/obj/rpl-dag.o
                0x000082c0                rpl_dag_init
 .text.update_hbh_header
                0x000082d0       0x4a build/sky/obj/rpl-ext-header.o
 .text.rpl_ext_header_srh_get_next_hop
                0x0000831a       0x84 build/sky/obj/rpl-ext-header.o
                0x0000831a                rpl_ext_header_srh_get_next_hop
 .text.rpl_ext_header_srh_update
                0x0000839e      0x118 build/sky/obj/rpl-ext-header.o
                0x0000839e                rpl_ext_header_srh_update
 .text.rpl_ext_header_hbh_update
                0x000084b6       0x9e build/sky/obj/rpl-ext-header.o
                0x000084b6                rpl_ext_header_hbh_update
 .text.rpl_ext_header_remove
                0x00008554       0xcc build/sky/obj/rpl-ext-header.o
                0x00008554                rpl_ext_header_remove
 .text.rpl_ext_header_update
                0x00008620      0x2aa build/sky/obj/rpl-ext-header.o
                0x00008620                rpl_ext_header_update
 .text.get32    0x000088ca       0x46 build/sky/obj/rpl-icmp6.o
 .text.set32    0x00008910       0x2a build/sky/obj/rpl-icmp6.o
 .text.get16    0x0000893a        0xe build/sky/obj/rpl-icmp6.o
 .text.set16    0x00008948       0x10 build/sky/obj/rpl-icmp6.o
 .text.dao_ack_input
                0x00008958       0x30 build/sky/obj/rpl-icmp6.o
 .text.dao_input
                0x00008988      0x13c build/sky/obj/rpl-icmp6.o
 .text.dio_input
                0x00008ac4      0x29c build/sky/obj/rpl-icmp6.o
 .text.dis_input
                0x00008d60       0x1e build/sky/obj/rpl-icmp6.o
 .text.rpl_icmp6_update_nbr_table
                0x00008d7e       0x36 build/sky/obj/rpl-icmp6.o
                0x00008d7e                rpl_icmp6_update_nbr_table
 .text.rpl_icmp6_dis_output
                0x00008db4       0x34 build/sky/obj/rpl-icmp6.o
                0x00008db4                rpl_icmp6_dis_output
 .text.rpl_icmp6_dio_output
                0x00008de8      0x23a build/sky/obj/rpl-icmp6.o
                0x00008de8                rpl_icmp6_dio_output
 .text.rpl_icmp6_dao_output
                0x00009022       0xe2 build/sky/obj/rpl-icmp6.o
                0x00009022                rpl_icmp6_dao_output
 .text.rpl_icmp6_dao_ack_output
                0x00009104       0x4e build/sky/obj/rpl-icmp6.o
                0x00009104                rpl_icmp6_dao_ack_output
 .text.rpl_icmp6_init
                0x00009152       0x22 build/sky/obj/rpl-icmp6.o
                0x00009152                rpl_icmp6_init
 .text.reset    0x00009174        0x2 build/sky/obj/rpl-mrhof.o
 .text.update_metric_container
                0x00009176        0x6 build/sky/obj/rpl-mrhof.o
 .text.nbr_link_metric
                0x0000917c       0x12 build/sky/obj/rpl-mrhof.o
 .text.nbr_has_usable_link
                0x0000918e       0x14 build/sky/obj/rpl-mrhof.o
 .text.nbr_path_cost
                0x000091a2       0x38 build/sky/obj/rpl-mrhof.o
 .text.within_hysteresis
                0x000091da       0x54 build/sky/obj/rpl-mrhof.o
 .text.nbr_is_acceptable_parent
                0x0000922e       0x2c build/sky/obj/rpl-mrhof.o
 .text.rank_via_nbr
                0x0000925a       0x48 build/sky/obj/rpl-mrhof.o
 .text.best_parent
                0x000092a2       0x7c build/sky/obj/rpl-mrhof.o
 .text.get_rank
                0x0000931e       0x16 build/sky/obj/rpl-nbr-policy.o
 .text.rpl_nbr_gc_get_worst
                0x00009334       0x28 build/sky/obj/rpl-nbr-policy.o
                0x00009334                rpl_nbr_gc_get_worst
 .text.remove_neighbor
                0x0000935c       0x24 build/sky/obj/rpl-neighbor.o
 .text.rpl_neighbor_count
                0x00009380       0x2c build/sky/obj/rpl-neighbor.o
                0x00009380                rpl_neighbor_count
 .text.rpl_neighbor_get_from_lladdr
                0x000093ac        0xc build/sky/obj/rpl-neighbor.o
                0x000093ac                rpl_neighbor_get_from_lladdr
 .text.rpl_neighbor_is_acceptable_parent
                0x000093b8       0x18 build/sky/obj/rpl-neighbor.o
                0x000093b8                rpl_neighbor_is_acceptable_parent
 .text.rpl_neighbor_get_link_metric
                0x000093d0       0x18 build/sky/obj/rpl-neighbor.o
                0x000093d0                rpl_neighbor_get_link_metric
 .text.rpl_neighbor_rank_via_nbr
                0x000093e8       0x18 build/sky/obj/rpl-neighbor.o
                0x000093e8                rpl_neighbor_rank_via_nbr
 .text.rpl_neighbor_get_lladdr
                0x00009400        0xc build/sky/obj/rpl-neighbor.o
                0x00009400                rpl_neighbor_get_lladdr
 .text.rpl_neighbor_get_ipaddr
                0x0000940c        0xa build/sky/obj/rpl-neighbor.o
                0x0000940c                rpl_neighbor_get_ipaddr
 .text.rpl_neighbor_get_link_stats
                0x00009416        0xa build/sky/obj/rpl-neighbor.o
                0x00009416                rpl_neighbor_get_link_stats
 .text.rpl_neighbor_is_fresh
                0x00009420        0xa build/sky/obj/rpl-neighbor.o
                0x00009420                rpl_neighbor_is_fresh
 .text.best_parent
                0x0000942a       0xb4 build/sky/obj/rpl-neighbor.o
 .text.rpl_neighbor_snprint
                0x000094de      0x20c build/sky/obj/rpl-neighbor.o
                0x000094de                rpl_neighbor_snprint
 .text.rpl_neighbor_set_preferred_parent
                0x000096ea       0x52 build/sky/obj/rpl-neighbor.o
                0x000096ea                rpl_neighbor_set_preferred_parent
 .text.rpl_neighbor_remove_all
                0x0000973c       0x30 build/sky/obj/rpl-neighbor.o
                0x0000973c                rpl_neighbor_remove_all
 .text.rpl_neighbor_get_from_ipaddr
                0x0000976c       0x14 build/sky/obj/rpl-neighbor.o
                0x0000976c                rpl_neighbor_get_from_ipaddr
 .text.rpl_neighbor_select_best
                0x00009780       0x54 build/sky/obj/rpl-neighbor.o
                0x00009780                rpl_neighbor_select_best
 .text.rpl_neighbor_init
                0x000097d4        0xe build/sky/obj/rpl-neighbor.o
                0x000097d4                rpl_neighbor_init
 .text.handle_state_update
                0x000097e2        0x6 build/sky/obj/rpl-timers.o
 .text.handle_leaving_timer
                0x000097e8        0xc build/sky/obj/rpl-timers.o
 .text.schedule_dao_retransmission
                0x000097f4       0x34 build/sky/obj/rpl-timers.o
 .text.handle_unicast_dio_timer
                0x00009828       0x12 build/sky/obj/rpl-timers.o
 .text.send_new_dao
                0x0000983a       0x28 build/sky/obj/rpl-timers.o
 .text.resend_dao
                0x00009862       0x24 build/sky/obj/rpl-timers.o
 .text.handle_dao_ack_timer
                0x00009886       0x12 build/sky/obj/rpl-timers.o
 .text.new_dio_interval
                0x00009898       0xb2 build/sky/obj/rpl-timers.o
 .text.handle_dio_timer
                0x0000994a       0x6e build/sky/obj/rpl-timers.o
 .text.rpl_timers_schedule_periodic_dis
                0x000099b8       0x40 build/sky/obj/rpl-timers.o
                0x000099b8                rpl_timers_schedule_periodic_dis
 .text.handle_periodic_timer
                0x000099f8       0x3a build/sky/obj/rpl-timers.o
 .text.handle_dis_timer
                0x00009a32       0x26 build/sky/obj/rpl-timers.o
 .text.rpl_timers_dio_reset
                0x00009a58       0x2e build/sky/obj/rpl-timers.o
                0x00009a58                rpl_timers_dio_reset
 .text.rpl_timers_schedule_unicast_dio
                0x00009a86       0x20 build/sky/obj/rpl-timers.o
                0x00009a86                rpl_timers_schedule_unicast_dio
 .text.rpl_timers_schedule_dao
                0x00009aa6       0x3c build/sky/obj/rpl-timers.o
                0x00009aa6                rpl_timers_schedule_dao
 .text.rpl_timers_schedule_dao_ack
                0x00009ae2       0x34 build/sky/obj/rpl-timers.o
                0x00009ae2                rpl_timers_schedule_dao_ack
 .text.rpl_timers_notify_dao_ack
                0x00009b16       0x82 build/sky/obj/rpl-timers.o
                0x00009b16                rpl_timers_notify_dao_ack
 .text.get_probing_delay
                0x00009b98       0x1c build/sky/obj/rpl-timers.o
                0x00009b98                get_probing_delay
 .text.get_probing_target
                0x00009bb4       0xee build/sky/obj/rpl-timers.o
                0x00009bb4                get_probing_target
 .text.rpl_schedule_probing
                0x00009ca2       0x20 build/sky/obj/rpl-timers.o
                0x00009ca2                rpl_schedule_probing
 .text.handle_probing_timer
                0x00009cc2       0x2a build/sky/obj/rpl-timers.o
 .text.rpl_schedule_probing_now
                0x00009cec       0x24 build/sky/obj/rpl-timers.o
                0x00009cec                rpl_schedule_probing_now
 .text.rpl_timers_unschedule_leaving
                0x00009d10       0x1c build/sky/obj/rpl-timers.o
                0x00009d10                rpl_timers_unschedule_leaving
 .text.rpl_timers_schedule_leaving
                0x00009d2c       0x2a build/sky/obj/rpl-timers.o
                0x00009d2c                rpl_timers_schedule_leaving
 .text.rpl_timers_init
                0x00009d56       0x1c build/sky/obj/rpl-timers.o
                0x00009d56                rpl_timers_init
 .text.rpl_timers_stop_dag_timers
                0x00009d72       0x4c build/sky/obj/rpl-timers.o
                0x00009d72                rpl_timers_stop_dag_timers
 .text.rpl_timers_unschedule_state_update
                0x00009dbe       0x10 build/sky/obj/rpl-timers.o
                0x00009dbe                rpl_timers_unschedule_state_update
 .text.rpl_timers_schedule_state_update
                0x00009dce       0x1c build/sky/obj/rpl-timers.o
                0x00009dce                rpl_timers_schedule_state_update
 .text.rpl_has_joined
                0x00009dea       0x12 build/sky/obj/rpl.o
                0x00009dea                rpl_has_joined
 .text.rpl_is_reachable
                0x00009dfc       0x12 build/sky/obj/rpl.o
                0x00009dfc                rpl_is_reachable
 .text.neighbor_state_changed
                0x00009e0e        0x2 build/sky/obj/rpl.o
 .text.drop_route
                0x00009e10        0x2 build/sky/obj/rpl.o
 .text.rpl_get_leaf_only
                0x00009e12        0x6 build/sky/obj/rpl.o
                0x00009e12                rpl_get_leaf_only
 .text.get_sr_node_ipaddr
                0x00009e18       0x34 build/sky/obj/rpl.o
 .text.init     0x00009e4c       0x42 build/sky/obj/rpl.o
 .text.set_ip_from_prefix
                0x00009e8e       0x38 build/sky/obj/rpl.o
 .text.rpl_link_callback
                0x00009ec6       0x1e build/sky/obj/rpl.o
                0x00009ec6                rpl_link_callback
 .text.rpl_lollipop_greater_than
                0x00009ee4       0x3c build/sky/obj/rpl.o
                0x00009ee4                rpl_lollipop_greater_than
 .text.rpl_get_global_address
                0x00009f20       0xbe build/sky/obj/rpl.o
                0x00009f20                rpl_get_global_address
 .text.rpl_reset_prefix
                0x00009fde       0x24 build/sky/obj/rpl.o
                0x00009fde                rpl_reset_prefix
 .text.rpl_set_prefix_from_addr
                0x0000a002       0x92 build/sky/obj/rpl.o
                0x0000a002                rpl_set_prefix_from_addr
 .text.timera0  0x0000a094       0x2e build/sky/obj/rtimer-arch.o
                0x0000a094                __isr_6
                0x0000a094                timera0
 .text.rtimer_arch_init
                0x0000a0c2        0xe build/sky/obj/rtimer-arch.o
                0x0000a0c2                rtimer_arch_init
 .text.rtimer_arch_now
                0x0000a0d0        0xe build/sky/obj/rtimer-arch.o
                0x0000a0d0                rtimer_arch_now
 .text.rtimer_arch_schedule
                0x0000a0de        0x6 build/sky/obj/rtimer-arch.o
                0x0000a0de                rtimer_arch_schedule
 .text.rtimer_init
                0x0000a0e4        0x6 build/sky/obj/rtimer.o
                0x0000a0e4                rtimer_init
 .text.rtimer_set
                0x0000a0ea       0x24 build/sky/obj/rtimer.o
                0x0000a0ea                rtimer_set
 .text.rtimer_run_next
                0x0000a10e       0x26 build/sky/obj/rtimer.o
                0x0000a10e                rtimer_run_next
 .text.process_thread_sensors_process
                0x0000a134       0xc2 build/sky/obj/sensors.o
 .text.sensors_changed
                0x0000a1f6       0x2a build/sky/obj/sensors.o
                0x0000a1f6                sensors_changed
 .text.process_thread_serial_shell_process
                0x0000a220       0x62 build/sky/obj/serial-shell.o
 .text.serial_shell_output
                0x0000a282        0xe build/sky/obj/serial-shell.o
 .text.serial_shell_init
                0x0000a290        0xc build/sky/obj/serial-shell.o
                0x0000a290                serial_shell_init
 .text.cmd_rpl_global_repair
                0x0000a29c       0x3a build/sky/obj/shell-commands.o
 .text.cmd_rpl_local_repair
                0x0000a2d6       0x3a build/sky/obj/shell-commands.o
 .text.cmd_macaddr
                0x0000a310       0x4a build/sky/obj/shell-commands.o
 .text.cmd_tsch_status
                0x0000a35a      0x1e4 build/sky/obj/shell-commands.o
 .text.cmd_help
                0x0000a53e       0x94 build/sky/obj/shell-commands.o
 .text.cmd_tsch_schedule
                0x0000a5d2      0x11c build/sky/obj/shell-commands.o
 .text.cmd_tsch_set_coordinator
                0x0000a6ee      0x168 build/sky/obj/shell-commands.o
 .text.cmd_rpl_nbr
                0x0000a856       0xc0 build/sky/obj/shell-commands.o
 .text.cmd_ipaddr
                0x0000a916       0x9a build/sky/obj/shell-commands.o
 .text.cmd_rpl_status
                0x0000a9b0      0x376 build/sky/obj/shell-commands.o
 .text.cmd_rpl_refresh_routes
                0x0000ad26       0x3a build/sky/obj/shell-commands.o
 .text.cmd_rpl_set_root
                0x0000ad60      0x19c build/sky/obj/shell-commands.o
 .text.cmd_routes
                0x0000aefc      0x150 build/sky/obj/shell-commands.o
 .text.cmd_ping
                0x0000b04c      0x1b4 build/sky/obj/shell-commands.o
 .text.cmd_ip_neighbors
                0x0000b200      0x118 build/sky/obj/shell-commands.o
 .text.shell_output_log_levels
                0x0000b318       0x78 build/sky/obj/shell-commands.o
 .text.cmd_log  0x0000b390      0x148 build/sky/obj/shell-commands.o
 .text.cmd_reboot
                0x0000b4d8       0x36 build/sky/obj/shell-commands.o
 .text.echo_reply_handler
                0x0000b50e       0x1c build/sky/obj/shell-commands.o
 .text.shell_commands_init
                0x0000b52a       0x22 build/sky/obj/shell-commands.o
                0x0000b52a                shell_commands_init
 .text.shell_command_lookup
                0x0000b54c       0x44 build/sky/obj/shell-commands.o
                0x0000b54c                shell_command_lookup
 .text.shell_output_6addr
                0x0000b590       0x50 build/sky/obj/shell.o
                0x0000b590                shell_output_6addr
 .text.shell_output_lladdr
                0x0000b5e0       0x88 build/sky/obj/shell.o
                0x0000b5e0                shell_output_lladdr
 .text.shell_input
                0x0000b668       0xc6 build/sky/obj/shell.o
                0x0000b668                shell_input
 .text.shell_init
                0x0000b72e        0x6 build/sky/obj/shell.o
                0x0000b72e                shell_init
 .text.clear_fragments
                0x0000b734       0x40 build/sky/obj/sicslowpan.o
 .text.addr_context_lookup_by_number
                0x0000b774       0x16 build/sky/obj/sicslowpan.o
 .text.sicslowpan_init
                0x0000b78a       0x18 build/sky/obj/sicslowpan.o
                0x0000b78a                sicslowpan_init
 .text.set_packet_attrs
                0x0000b7a2       0x66 build/sky/obj/sicslowpan.o
 .text.compress_addr_64
                0x0000b808       0xae build/sky/obj/sicslowpan.o
 .text.addr_context_lookup_by_prefix
                0x0000b8b6       0x20 build/sky/obj/sicslowpan.o
 .text.send_packet
                0x0000b8d6       0x10 build/sky/obj/sicslowpan.o
 .text.fragment_copy_payload_and_send
                0x0000b8e6       0x58 build/sky/obj/sicslowpan.o
 .text.packet_sent
                0x0000b93e       0x56 build/sky/obj/sicslowpan.o
 .text.store_fragment
                0x0000b994       0xb8 build/sky/obj/sicslowpan.o
 .text.add_fragment
                0x0000ba4c      0x1fc build/sky/obj/sicslowpan.o
 .text.uncompress_addr
                0x0000bc48       0xb4 build/sky/obj/sicslowpan.o
 .text.output   0x0000bcfc      0x7b2 build/sky/obj/sicslowpan.o
 .text.input    0x0000c4ae      0xa10 build/sky/obj/sicslowpan.o
 .text.process_thread_simple_udp_process
                0x0000cebe       0xb8 build/sky/obj/simple-udp.o
 .text.simple_udp_sendto
                0x0000cf76       0x2c build/sky/obj/simple-udp.o
                0x0000cf76                simple_udp_sendto
 .text.simple_udp_register
                0x0000cfa2       0x9a build/sky/obj/simple-udp.o
                0x0000cfa2                simple_udp_register
 .text.spi_init
                0x0000d03c       0x30 build/sky/obj/spi-legacy.o
                0x0000d03c                spi_init
 .text.stack_check_init
                0x0000d06c       0x2e build/sky/obj/stack-check.o
                0x0000d06c                stack_check_init
 .text.stack_check_get_usage
                0x0000d09a       0x54 build/sky/obj/stack-check.o
                0x0000d09a                stack_check_get_usage
 .text.process_thread_stack_check_process
                0x0000d0ee       0xea build/sky/obj/stack-check.o
 .text.stimer_set
                0x0000d1d8       0x1c build/sky/obj/stimer.o
                0x0000d1d8                stimer_set
 .text.stimer_expired
                0x0000d1f4       0x30 build/sky/obj/stimer.o
                0x0000d1f4                stimer_expired
 .text.tcpip_output
                0x0000d224       0x22 build/sky/obj/tcpip.o
                0x0000d224                tcpip_output
 .text.udp_new  0x0000d246       0x1a build/sky/obj/tcpip.o
                0x0000d246                udp_new
 .text.tcpip_input
                0x0000d260       0x1e build/sky/obj/tcpip.o
                0x0000d260                tcpip_input
 .text.tcpip_ipv6_output
                0x0000d27e      0x114 build/sky/obj/tcpip.o
                0x0000d27e                tcpip_ipv6_output
 .text.packet_input.part.3
                0x0000d392       0x12 build/sky/obj/tcpip.o
 .text.process_thread_tcpip_process
                0x0000d3a4       0xcc build/sky/obj/tcpip.o
 .text.tcpip_uipcall
                0x0000d470       0x2a build/sky/obj/tcpip.o
                0x0000d470                tcpip_uipcall
 .text.timer_set
                0x0000d49a       0x1c build/sky/obj/timer.o
                0x0000d49a                timer_set
 .text.timer_restart
                0x0000d4b6       0x14 build/sky/obj/timer.o
                0x0000d4b6                timer_restart
 .text.timer_expired
                0x0000d4ca       0x2a build/sky/obj/timer.o
                0x0000d4ca                timer_expired
 .text.timer_reset
                0x0000d4f4       0x1c build/sky/obj/timer.o
                0x0000d4f4                timer_reset
 .text.tsch_adaptive_timesync_get_drift_ppm
                0x0000d510       0x22 build/sky/obj/tsch-adaptive-timesync.o
                0x0000d510                tsch_adaptive_timesync_get_drift_ppm
 .text.tsch_timesync_adaptive_compensate
                0x0000d532      0x22e build/sky/obj/tsch-adaptive-timesync.o
                0x0000d532                tsch_timesync_adaptive_compensate
 .text.tsch_adaptive_timesync_reset
                0x0000d760       0x22 build/sky/obj/tsch-adaptive-timesync.o
                0x0000d760                tsch_adaptive_timesync_reset
 .text.tsch_timesync_update
                0x0000d782      0x1a4 build/sky/obj/tsch-adaptive-timesync.o
                0x0000d782                tsch_timesync_update
 .text.tsch_packet_eackbuf_attr
                0x0000d926        0xa build/sky/obj/tsch-packet.o
                0x0000d926                tsch_packet_eackbuf_attr
 .text.tsch_packet_create_eack
                0x0000d930       0xc2 build/sky/obj/tsch-packet.o
                0x0000d930                tsch_packet_create_eack
 .text.tsch_packet_parse_eack
                0x0000d9f2       0xce build/sky/obj/tsch-packet.o
                0x0000d9f2                tsch_packet_parse_eack
 .text.tsch_packet_create_eb
                0x0000dac0      0x164 build/sky/obj/tsch-packet.o
                0x0000dac0                tsch_packet_create_eb
 .text.tsch_packet_update_eb
                0x0000dc24       0x4a build/sky/obj/tsch-packet.o
                0x0000dc24                tsch_packet_update_eb
 .text.tsch_packet_parse_eb
                0x0000dc6e       0x94 build/sky/obj/tsch-packet.o
                0x0000dc6e                tsch_packet_parse_eb
 .text.tsch_packet_set_frame_pending
                0x0000dd02        0x8 build/sky/obj/tsch-packet.o
                0x0000dd02                tsch_packet_set_frame_pending
 .text.tsch_packet_get_frame_pending
                0x0000dd0a       0x16 build/sky/obj/tsch-packet.o
                0x0000dd0a                tsch_packet_get_frame_pending
 .text.tsch_queue_get_nbr
                0x0000dd20       0x1e build/sky/obj/tsch-queue.o
                0x0000dd20                tsch_queue_get_nbr
 .text.tsch_queue_add_nbr
                0x0000dd3e       0x86 build/sky/obj/tsch-queue.o
                0x0000dd3e                tsch_queue_add_nbr
 .text.tsch_queue_get_time_source
                0x0000ddc4       0x2e build/sky/obj/tsch-queue.o
                0x0000ddc4                tsch_queue_get_time_source
 .text.tsch_queue_get_nbr_address
                0x0000ddf2        0xc build/sky/obj/tsch-queue.o
                0x0000ddf2                tsch_queue_get_nbr_address
 .text.tsch_queue_update_time_source
                0x0000ddfe       0x64 build/sky/obj/tsch-queue.o
                0x0000ddfe                tsch_queue_update_time_source
 .text.tsch_queue_add_packet
                0x0000de62       0xa0 build/sky/obj/tsch-queue.o
                0x0000de62                tsch_queue_add_packet
 .text.tsch_queue_nbr_packet_count
                0x0000df02       0x12 build/sky/obj/tsch-queue.o
                0x0000df02                tsch_queue_nbr_packet_count
 .text.tsch_queue_remove_packet_from_queue
                0x0000df14       0x2e build/sky/obj/tsch-queue.o
                0x0000df14                tsch_queue_remove_packet_from_queue
 .text.tsch_queue_free_packet
                0x0000df42       0x1c build/sky/obj/tsch-queue.o
                0x0000df42                tsch_queue_free_packet
 .text.tsch_queue_is_empty
                0x0000df5e       0x2c build/sky/obj/tsch-queue.o
                0x0000df5e                tsch_queue_is_empty
 .text.tsch_queue_flush_nbr_queue
                0x0000df8a       0x40 build/sky/obj/tsch-queue.o
 .text.tsch_queue_reset
                0x0000dfca       0x3e build/sky/obj/tsch-queue.o
                0x0000dfca                tsch_queue_reset
 .text.tsch_queue_free_unused_neighbors
                0x0000e008       0x62 build/sky/obj/tsch-queue.o
                0x0000e008                tsch_queue_free_unused_neighbors
 .text.tsch_queue_get_packet_for_nbr
                0x0000e06a       0x56 build/sky/obj/tsch-queue.o
                0x0000e06a                tsch_queue_get_packet_for_nbr
 .text.tsch_queue_get_unicast_packet_for_any
                0x0000e0c0       0x5c build/sky/obj/tsch-queue.o
                0x0000e0c0                tsch_queue_get_unicast_packet_for_any
 .text.tsch_queue_backoff_inc
                0x0000e11c       0x52 build/sky/obj/tsch-queue.o
                0x0000e11c                tsch_queue_backoff_inc
 .text.tsch_queue_packet_sent
                0x0000e16e       0x76 build/sky/obj/tsch-queue.o
                0x0000e16e                tsch_queue_packet_sent
 .text.tsch_queue_update_all_backoff_windows
                0x0000e1e4       0x66 build/sky/obj/tsch-queue.o
                0x0000e1e4                tsch_queue_update_all_backoff_windows
 .text.tsch_queue_init
                0x0000e24a       0x2c build/sky/obj/tsch-queue.o
                0x0000e24a                tsch_queue_init
 .text.tsch_roots_add_address
                0x0000e276        0x2 build/sky/obj/tsch-roots.o
                0x0000e276                tsch_roots_add_address
 .text.tsch_roots_set_self_to_root
                0x0000e278        0x2 build/sky/obj/tsch-roots.o
                0x0000e278                tsch_roots_set_self_to_root
 .text.tsch_roots_init
                0x0000e27a        0x2 build/sky/obj/tsch-roots.o
                0x0000e27a                tsch_roots_init
 .text.tsch_rpl_callback_ka_sent
                0x0000e27c       0x1e build/sky/obj/tsch-rpl.o
                0x0000e27c                tsch_rpl_callback_ka_sent
 .text.tsch_rpl_callback_joining_network
                0x0000e29a        0x2 build/sky/obj/tsch-rpl.o
                0x0000e29a                tsch_rpl_callback_joining_network
 .text.tsch_rpl_callback_leaving_network
                0x0000e29c        0xe build/sky/obj/tsch-rpl.o
                0x0000e29c                tsch_rpl_callback_leaving_network
 .text.tsch_rpl_callback_new_dio_interval
                0x0000e2aa       0x56 build/sky/obj/tsch-rpl.o
                0x0000e2aa                tsch_rpl_callback_new_dio_interval
 .text.tsch_rpl_callback_parent_switch
                0x0000e300       0x16 build/sky/obj/tsch-rpl.o
                0x0000e300                tsch_rpl_callback_parent_switch
 .text.tsch_rpl_check_dodag_joined
                0x0000e316        0x6 build/sky/obj/tsch-rpl.o
                0x0000e316                tsch_rpl_check_dodag_joined
 .text.tsch_schedule_get_slotframe_by_handle
                0x0000e31c       0x2e build/sky/obj/tsch-schedule.o
                0x0000e31c                tsch_schedule_get_slotframe_by_handle
 .text.tsch_schedule_add_slotframe
                0x0000e34a       0x7c build/sky/obj/tsch-schedule.o
                0x0000e34a                tsch_schedule_add_slotframe
 .text.tsch_schedule_remove_link
                0x0000e3c6       0x7e build/sky/obj/tsch-schedule.o
                0x0000e3c6                tsch_schedule_remove_link
 .text.tsch_schedule_remove_slotframe
                0x0000e444       0x46 build/sky/obj/tsch-schedule.o
                0x0000e444                tsch_schedule_remove_slotframe
 .text.tsch_schedule_remove_all_slotframes
                0x0000e48a       0x1e build/sky/obj/tsch-schedule.o
                0x0000e48a                tsch_schedule_remove_all_slotframes
 .text.tsch_schedule_get_link_by_timeslot
                0x0000e4a8       0x38 build/sky/obj/tsch-schedule.o
                0x0000e4a8                tsch_schedule_get_link_by_timeslot
 .text.tsch_schedule_add_link
                0x0000e4e0       0xd8 build/sky/obj/tsch-schedule.o
                0x0000e4e0                tsch_schedule_add_link
 .text.tsch_schedule_get_next_active_link
                0x0000e5b8      0x1bc build/sky/obj/tsch-schedule.o
                0x0000e5b8                tsch_schedule_get_next_active_link
 .text.tsch_schedule_init
                0x0000e774       0x2c build/sky/obj/tsch-schedule.o
                0x0000e774                tsch_schedule_init
 .text.tsch_schedule_create_minimal
                0x0000e7a0       0x28 build/sky/obj/tsch-schedule.o
                0x0000e7a0                tsch_schedule_create_minimal
 .text.tsch_schedule_slotframe_head
                0x0000e7c8        0xa build/sky/obj/tsch-schedule.o
                0x0000e7c8                tsch_schedule_slotframe_head
 .text.tsch_schedule_slotframe_next
                0x0000e7d2        0x6 build/sky/obj/tsch-schedule.o
                0x0000e7d2                tsch_schedule_slotframe_next
 .text.tsch_security_set_packetbuf_attr
                0x0000e7d8        0x2 build/sky/obj/tsch-security.o
                0x0000e7d8                tsch_security_set_packetbuf_attr
 .text.update_link_backoff
                0x0000e7da       0x1a build/sky/obj/tsch-slot-operation.o
 .text.tsch_radio_on.part.2
                0x0000e7f4        0x6 build/sky/obj/tsch-slot-operation.o
 .text.tsch_radio_off.part.3
                0x0000e7fa        0x6 build/sky/obj/tsch-slot-operation.o
 .text.tsch_schedule_slot_operation.isra.4
                0x0000e800       0x6a build/sky/obj/tsch-slot-operation.o
 .text.get_packet_and_neighbor_for_link.constprop.7
                0x0000e86a       0x68 build/sky/obj/tsch-slot-operation.o
 .text.tsch_tx_slot.constprop.6
                0x0000e8d2      0x43c build/sky/obj/tsch-slot-operation.o
 .text.tsch_slot_operation
                0x0000ed0e      0x732 build/sky/obj/tsch-slot-operation.o
 .text.tsch_is_locked
                0x0000f440        0x6 build/sky/obj/tsch-slot-operation.o
                0x0000f440                tsch_is_locked
 .text.tsch_get_lock
                0x0000f446       0x42 build/sky/obj/tsch-slot-operation.o
                0x0000f446                tsch_get_lock
 .text.tsch_release_lock
                0x0000f488        0x6 build/sky/obj/tsch-slot-operation.o
                0x0000f488                tsch_release_lock
 .text.tsch_get_network_uptime_ticks
                0x0000f48e       0xc2 build/sky/obj/tsch-slot-operation.o
                0x0000f48e                tsch_get_network_uptime_ticks
 .text.tsch_slot_operation_start
                0x0000f550       0x8e build/sky/obj/tsch-slot-operation.o
                0x0000f550                tsch_slot_operation_start
 .text.tsch_slot_operation_sync
                0x0000f5de       0x46 build/sky/obj/tsch-slot-operation.o
                0x0000f5de                tsch_slot_operation_sync
 .text.turn_off
                0x0000f624        0x8 build/sky/obj/tsch.o
 .text.send_packet
                0x0000f62c       0xb0 build/sky/obj/tsch.o
 .text.tsch_reset
                0x0000f6dc       0xa2 build/sky/obj/tsch.o
 .text.process_thread_tsch_send_eb_process
                0x0000f77e      0x166 build/sky/obj/tsch.o
 .text.max_payload
                0x0000f8e4       0x3e build/sky/obj/tsch.o
 .text.turn_on  0x0000f922       0x36 build/sky/obj/tsch.o
 .text.tsch_init
                0x0000f958       0xb6 build/sky/obj/tsch.o
 .text.packet_input
                0x0000fa0e       0x26 build/sky/obj/tsch.o
 .text.keepalive_send
                0x0000fa34       0x3a build/sky/obj/tsch.o
 .text.tsch_set_coordinator
                0x0000fa6e       0x28 build/sky/obj/tsch.o
                0x0000fa6e                tsch_set_coordinator
 .text.tsch_set_pan_secured
                0x0000fa96        0x6 build/sky/obj/tsch.o
                0x0000fa96                tsch_set_pan_secured
 .text.tsch_set_join_priority
                0x0000fa9c        0x6 build/sky/obj/tsch.o
                0x0000fa9c                tsch_set_join_priority
 .text.tsch_set_eb_period
                0x0000faa2       0x1a build/sky/obj/tsch.o
                0x0000faa2                tsch_set_eb_period
 .text.tsch_schedule_keepalive
                0x0000fabc       0x20 build/sky/obj/tsch.o
                0x0000fabc                tsch_schedule_keepalive
 .text.tsch_set_ka_timeout
                0x0000fadc       0x10 build/sky/obj/tsch.o
                0x0000fadc                tsch_set_ka_timeout
 .text.tsch_disassociate
                0x0000faec       0x18 build/sky/obj/tsch.o
                0x0000faec                tsch_disassociate
 .text.process_thread_tsch_pending_events_process
                0x0000fb04      0x2f6 build/sky/obj/tsch.o
 .text.keepalive_packet_sent
                0x0000fdfa       0x98 build/sky/obj/tsch.o
 .text.tsch_scan
                0x0000fe92      0x390 build/sky/obj/tsch.o
                0x0000fe92                tsch_scan
 .text.process_thread_tsch_process
                0x00010222       0xb2 build/sky/obj/tsch.o
 .text.putchar  0x000102d4       0x10 build/sky/obj/uart1-putchar.o
                0x000102d4                putchar
 .text.uart1_active
                0x000102e4       0x18 build/sky/obj/uart1.o
                0x000102e4                uart1_active
 .text.uart1_writeb
                0x000102fc       0x18 build/sky/obj/uart1.o
                0x000102fc                uart1_writeb
 .text.uart1_init
                0x00010314       0xf4 build/sky/obj/uart1.o
                0x00010314                uart1_init
 .text.uip_ds6_nbr_rm
                0x00010408       0x1e build/sky/obj/uip-ds6-nbr.o
                0x00010408                uip_ds6_nbr_rm
 .text.uip_ds6_neighbors_init
                0x00010426       0x12 build/sky/obj/uip-ds6-nbr.o
                0x00010426                uip_ds6_neighbors_init
 .text.uip_ds6_nbr_add
                0x00010438       0x3e build/sky/obj/uip-ds6-nbr.o
                0x00010438                uip_ds6_nbr_add
 .text.uip_ds6_nbr_get_ipaddr
                0x00010476        0x2 build/sky/obj/uip-ds6-nbr.o
                0x00010476                uip_ds6_nbr_get_ipaddr
 .text.uip_ds6_nbr_get_ll
                0x00010478        0xc build/sky/obj/uip-ds6-nbr.o
                0x00010478                uip_ds6_nbr_get_ll
 .text.uip_ds6_nbr_head
                0x00010484        0xa build/sky/obj/uip-ds6-nbr.o
                0x00010484                uip_ds6_nbr_head
 .text.uip_ds6_nbr_next
                0x0001048e        0xc build/sky/obj/uip-ds6-nbr.o
                0x0001048e                uip_ds6_nbr_next
 .text.uip_ds6_nbr_lookup
                0x0001049a       0x3a build/sky/obj/uip-ds6-nbr.o
                0x0001049a                uip_ds6_nbr_lookup
 .text.uip_ds6_nbr_ll_lookup
                0x000104d4        0xc build/sky/obj/uip-ds6-nbr.o
                0x000104d4                uip_ds6_nbr_ll_lookup
 .text.uip_ds6_nbr_update_ll
                0x000104e0       0x76 build/sky/obj/uip-ds6-nbr.o
                0x000104e0                uip_ds6_nbr_update_ll
 .text.uip_ds6_nbr_ipaddr_from_lladdr
                0x00010556        0x6 build/sky/obj/uip-ds6-nbr.o
                0x00010556                uip_ds6_nbr_ipaddr_from_lladdr
 .text.uip_ds6_nbr_lladdr_from_ipaddr
                0x0001055c       0x12 build/sky/obj/uip-ds6-nbr.o
                0x0001055c                uip_ds6_nbr_lladdr_from_ipaddr
 .text.uip_ds6_link_callback
                0x0001056e        0x2 build/sky/obj/uip-ds6-nbr.o
                0x0001056e                uip_ds6_link_callback
 .text.uip_ds6_route_init
                0x00010570       0x12 build/sky/obj/uip-ds6-route.o
                0x00010570                uip_ds6_route_init
 .text.uip_ds6_route_nexthop
                0x00010582        0x4 build/sky/obj/uip-ds6-route.o
                0x00010582                uip_ds6_route_nexthop
 .text.uip_ds6_route_lookup
                0x00010586        0x4 build/sky/obj/uip-ds6-route.o
                0x00010586                uip_ds6_route_lookup
 .text.uip_ds6_route_rm
                0x0001058a        0x2 build/sky/obj/uip-ds6-route.o
                0x0001058a                uip_ds6_route_rm
 .text.uip_ds6_defrt_rm
                0x0001058c       0x3c build/sky/obj/uip-ds6-route.o
                0x0001058c                uip_ds6_defrt_rm
 .text.uip_ds6_defrt_lookup
                0x000105c8       0x40 build/sky/obj/uip-ds6-route.o
                0x000105c8                uip_ds6_defrt_lookup
 .text.uip_ds6_defrt_add
                0x00010608       0x72 build/sky/obj/uip-ds6-route.o
                0x00010608                uip_ds6_defrt_add
 .text.uip_ds6_defrt_choose
                0x0001067a       0x3a build/sky/obj/uip-ds6-route.o
                0x0001067a                uip_ds6_defrt_choose
 .text.uip_ds6_defrt_periodic
                0x000106b4       0x38 build/sky/obj/uip-ds6-route.o
                0x000106b4                uip_ds6_defrt_periodic
 .text.uip_ds6_default_prefix
                0x000106ec        0x6 build/sky/obj/uip-ds6.o
                0x000106ec                uip_ds6_default_prefix
 .text.uip_ds6_list_loop
                0x000106f2       0x92 build/sky/obj/uip-ds6.o
                0x000106f2                uip_ds6_list_loop
 .text.uip_ds6_prefix_add
                0x00010784       0x80 build/sky/obj/uip-ds6.o
                0x00010784                uip_ds6_prefix_add
 .text.uip_ds6_is_addr_onlink
                0x00010804       0x54 build/sky/obj/uip-ds6.o
                0x00010804                uip_ds6_is_addr_onlink
 .text.uip_ds6_addr_lookup
                0x00010858       0x2a build/sky/obj/uip-ds6.o
                0x00010858                uip_ds6_addr_lookup
 .text.uip_ds6_get_link_local
                0x00010882       0x3e build/sky/obj/uip-ds6.o
                0x00010882                uip_ds6_get_link_local
 .text.uip_ds6_maddr_add
                0x000108c0       0x4c build/sky/obj/uip-ds6.o
                0x000108c0                uip_ds6_maddr_add
 .text.uip_ds6_addr_add
                0x0001090c       0xc4 build/sky/obj/uip-ds6.o
                0x0001090c                uip_ds6_addr_add
 .text.uip_ds6_maddr_rm
                0x000109d0        0xa build/sky/obj/uip-ds6.o
                0x000109d0                uip_ds6_maddr_rm
 .text.uip_ds6_maddr_lookup
                0x000109da       0x2a build/sky/obj/uip-ds6.o
                0x000109da                uip_ds6_maddr_lookup
 .text.uip_ds6_addr_rm
                0x00010a04       0x54 build/sky/obj/uip-ds6.o
                0x00010a04                uip_ds6_addr_rm
 .text.uip_ds6_periodic
                0x00010a58       0x46 build/sky/obj/uip-ds6.o
                0x00010a58                uip_ds6_periodic
 .text.uip_ds6_set_addr_iid
                0x00010a9e       0x14 build/sky/obj/uip-ds6.o
                0x00010a9e                uip_ds6_set_addr_iid
 .text.uip_ds6_set_lladdr_from_iid
                0x00010ab2       0x14 build/sky/obj/uip-ds6.o
                0x00010ab2                uip_ds6_set_lladdr_from_iid
 .text.get_match_length
                0x00010ac6       0x44 build/sky/obj/uip-ds6.o
                0x00010ac6                get_match_length
 .text.uip_ds6_select_src
                0x00010b0a       0xaa build/sky/obj/uip-ds6.o
                0x00010b0a                uip_ds6_select_src
 .text.uip_ds6_compute_reachable_time
                0x00010bb4       0x3e build/sky/obj/uip-ds6.o
                0x00010bb4                uip_ds6_compute_reachable_time
 .text.uip_ds6_init
                0x00010bf2      0x164 build/sky/obj/uip-ds6.o
                0x00010bf2                uip_ds6_init
 .text.echo_reply_input
                0x00010d56       0x68 build/sky/obj/uip-icmp6.o
 .text.echo_request_input
                0x00010dbe       0x86 build/sky/obj/uip-icmp6.o
 .text.uip_icmp6_input
                0x00010e44       0x48 build/sky/obj/uip-icmp6.o
                0x00010e44                uip_icmp6_input
 .text.uip_icmp6_register_input_handler
                0x00010e8c        0xc build/sky/obj/uip-icmp6.o
                0x00010e8c                uip_icmp6_register_input_handler
 .text.uip_icmp6_error_output
                0x00010e98      0x146 build/sky/obj/uip-icmp6.o
                0x00010e98                uip_icmp6_error_output
 .text.uip_icmp6_send
                0x00010fde       0x8e build/sky/obj/uip-icmp6.o
                0x00010fde                uip_icmp6_send
 .text.uip_icmp6_echo_reply_callback_add
                0x0001106c       0x18 build/sky/obj/uip-icmp6.o
                0x0001106c                uip_icmp6_echo_reply_callback_add
 .text.uip_icmp6_init
                0x00011084       0x12 build/sky/obj/uip-icmp6.o
                0x00011084                uip_icmp6_init
 .text.ns_input
                0x00011096      0x29a build/sky/obj/uip-nd6.o
 .text.uip_nd6_init
                0x00011330        0xa build/sky/obj/uip-nd6.o
                0x00011330                uip_nd6_init
 .text.node_matches_address.part.0
                0x0001133a       0x2e build/sky/obj/uip-sr.o
 .text.uip_sr_num_nodes
                0x00011368        0x6 build/sky/obj/uip-sr.o
                0x00011368                uip_sr_num_nodes
 .text.uip_sr_get_node
                0x0001136e       0x44 build/sky/obj/uip-sr.o
                0x0001136e                uip_sr_get_node
 .text.uip_sr_is_addr_reachable
                0x000113b2       0x4e build/sky/obj/uip-sr.o
                0x000113b2                uip_sr_is_addr_reachable
 .text.uip_sr_expire_parent
                0x00011400       0x50 build/sky/obj/uip-sr.o
                0x00011400                uip_sr_expire_parent
 .text.uip_sr_update_node
                0x00011450       0xbc build/sky/obj/uip-sr.o
                0x00011450                uip_sr_update_node
 .text.uip_sr_init
                0x0001150c       0x16 build/sky/obj/uip-sr.o
                0x0001150c                uip_sr_init
 .text.uip_sr_node_head
                0x00011522        0xa build/sky/obj/uip-sr.o
                0x00011522                uip_sr_node_head
 .text.uip_sr_node_next
                0x0001152c        0x6 build/sky/obj/uip-sr.o
                0x0001152c                uip_sr_node_next
 .text.uip_sr_periodic
                0x00011532       0x9e build/sky/obj/uip-sr.o
                0x00011532                uip_sr_periodic
 .text.uip_sr_free_all
                0x000115d0       0x3c build/sky/obj/uip-sr.o
                0x000115d0                uip_sr_free_all
 .text.uip_sr_link_snprint
                0x0001160c       0xd6 build/sky/obj/uip-sr.o
                0x0001160c                uip_sr_link_snprint
 .text.uip_udp_packet_send
                0x000116e2       0x2a build/sky/obj/uip-udp-packet.o
                0x000116e2                uip_udp_packet_send
 .text.uip_udp_packet_sendto
                0x0001170c       0x66 build/sky/obj/uip-udp-packet.o
                0x0001170c                uip_udp_packet_sendto
 .text.chksum   0x00011772       0x32 build/sky/obj/uip6.o
 .text.upper_layer_chksum
                0x000117a4       0x58 build/sky/obj/uip6.o
 .text.ext_hdr_options_process
                0x000117fc       0xa4 build/sky/obj/uip6.o
 .text.uip_check_mtu
                0x000118a0       0x1e build/sky/obj/uip6.o
 .text.uip_update_ttl
                0x000118be       0x24 build/sky/obj/uip6.o
 .text.uip_icmp6chksum
                0x000118e2        0xa build/sky/obj/uip6.o
                0x000118e2                uip_icmp6chksum
 .text.uip_udpchksum
                0x000118ec        0xa build/sky/obj/uip6.o